ARM Linker, 4.1 [Build 894] [Standard]

==============================================================================

Section Cross References

    main.o(i.EXTI15_10_IRQHandler) refers to stm32f10x_exti.o(i.EXTI_GetITStatus) for EXTI_GetITStatus
    main.o(i.EXTI15_10_IRQHandler) refers to stm32f10x_exti.o(i.EXTI_ClearITPendingBit) for EXTI_ClearITPendingBit
    main.o(i.main) refers to rt_memclr_w.o(.text) for __aeabi_memclr4
    main.o(i.main) refers to system_stm32f10x.o(i.SystemInit) for SystemInit
    main.o(i.main) refers to usart.o(i.USART_Configuration) for USART_Configuration
    main.o(i.main) refers to sdio.o(i.SD_NVIC_Configuration) for SD_NVIC_Configuration
    main.o(i.main) refers to usart.o(i.DBG_Print) for DBG_Print
    main.o(i.main) refers to diskio.o(i.disk_initialize) for disk_initialize
    main.o(i.main) refers to ff.o(i.f_mount) for f_mount
    main.o(i.main) refers to ff.o(i.f_open) for f_open
    main.o(i.main) refers to iap.o(i.iap_load_app) for iap_load_app
    main.o(i.main) refers to ff.o(i.f_lseek) for f_lseek
    main.o(i.main) refers to ff.o(i.f_read) for f_read
    main.o(i.main) refers to strcmpv7m.o(.text) for strcmp
    main.o(i.main) refers to ff.o(i.f_close) for f_close
    main.o(i.main) refers to stmflash.o(i.FlashWrite) for FlashWrite
    main.o(i.main) refers to main.o(.data) for .data
    main.o(i.main) refers to main.o(.bss) for .bss
    stm32f10x_it.o(i.SDIO_IRQHandler) refers to sdio.o(i.SD_ProcessIRQSrc) for SD_ProcessIRQSrc
    delay.o(i.DelayMs) refers to delay.o(i.DelayUs) for DelayUs
    sdio.o(i.CmdResp1Error) refers to stm32f10x_sdio.o(i.SDIO_ClearFlag) for SDIO_ClearFlag
    sdio.o(i.CmdResp1Error) refers to stm32f10x_sdio.o(i.SDIO_GetCommandResponse) for SDIO_GetCommandResponse
    sdio.o(i.CmdResp1Error) refers to stm32f10x_sdio.o(i.SDIO_GetResponse) for SDIO_GetResponse
    sdio.o(i.CmdResp2Error) refers to stm32f10x_sdio.o(i.SDIO_ClearFlag) for SDIO_ClearFlag
    sdio.o(i.CmdResp6Error) refers to stm32f10x_sdio.o(i.SDIO_ClearFlag) for SDIO_ClearFlag
    sdio.o(i.CmdResp6Error) refers to stm32f10x_sdio.o(i.SDIO_GetCommandResponse) for SDIO_GetCommandResponse
    sdio.o(i.CmdResp6Error) refers to stm32f10x_sdio.o(i.SDIO_GetResponse) for SDIO_GetResponse
    sdio.o(i.DMA_RxConfiguration) refers to stm32f10x_dma.o(i.DMA_ClearFlag) for DMA_ClearFlag
    sdio.o(i.DMA_RxConfiguration) refers to stm32f10x_dma.o(i.DMA_Cmd) for DMA_Cmd
    sdio.o(i.DMA_RxConfiguration) refers to stm32f10x_dma.o(i.DMA_Init) for DMA_Init
    sdio.o(i.DMA_TxConfiguration) refers to stm32f10x_dma.o(i.DMA_ClearFlag) for DMA_ClearFlag
    sdio.o(i.DMA_TxConfiguration) refers to stm32f10x_dma.o(i.DMA_Cmd) for DMA_Cmd
    sdio.o(i.DMA_TxConfiguration) refers to stm32f10x_dma.o(i.DMA_Init) for DMA_Init
    sdio.o(i.FindSCR) refers to stm32f10x_sdio.o(i.SDIO_SendCommand) for SDIO_SendCommand
    sdio.o(i.FindSCR) refers to sdio.o(i.CmdResp1Error) for CmdResp1Error
    sdio.o(i.FindSCR) refers to stm32f10x_sdio.o(i.SDIO_DataConfig) for SDIO_DataConfig
    sdio.o(i.FindSCR) refers to stm32f10x_sdio.o(i.SDIO_GetFlagStatus) for SDIO_GetFlagStatus
    sdio.o(i.FindSCR) refers to stm32f10x_sdio.o(i.SDIO_ClearFlag) for SDIO_ClearFlag
    sdio.o(i.FindSCR) refers to stm32f10x_sdio.o(i.SDIO_ReadData) for SDIO_ReadData
    sdio.o(i.FindSCR) refers to sdio.o(.bss) for .bss
    sdio.o(i.FindSCR) refers to sdio.o(.data) for .data
    sdio.o(i.IsCardProgramming) refers to stm32f10x_sdio.o(i.SDIO_SendCommand) for SDIO_SendCommand
    sdio.o(i.IsCardProgramming) refers to stm32f10x_sdio.o(i.SDIO_ClearFlag) for SDIO_ClearFlag
    sdio.o(i.IsCardProgramming) refers to stm32f10x_sdio.o(i.SDIO_GetCommandResponse) for SDIO_GetCommandResponse
    sdio.o(i.IsCardProgramming) refers to stm32f10x_sdio.o(i.SDIO_GetResponse) for SDIO_GetResponse
    sdio.o(i.IsCardProgramming) refers to sdio.o(.data) for .data
    sdio.o(i.IsCardProgramming) refers to sdio.o(.bss) for .bss
    sdio.o(i.SDEnWideBus) refers to stm32f10x_sdio.o(i.SDIO_GetResponse) for SDIO_GetResponse
    sdio.o(i.SDEnWideBus) refers to sdio.o(i.FindSCR) for FindSCR
    sdio.o(i.SDEnWideBus) refers to stm32f10x_sdio.o(i.SDIO_SendCommand) for SDIO_SendCommand
    sdio.o(i.SDEnWideBus) refers to sdio.o(i.CmdResp1Error) for CmdResp1Error
    sdio.o(i.SDEnWideBus) refers to sdio.o(.data) for .data
    sdio.o(i.SDEnWideBus) refers to sdio.o(.bss) for .bss
    sdio.o(i.SD_EnableWideBusOperation) refers to sdio.o(i.SDEnWideBus) for SDEnWideBus
    sdio.o(i.SD_EnableWideBusOperation) refers to stm32f10x_sdio.o(i.SDIO_Init) for SDIO_Init
    sdio.o(i.SD_EnableWideBusOperation) refers to sdio.o(.data) for .data
    sdio.o(i.SD_EnableWideBusOperation) refers to sdio.o(.bss) for .bss
    sdio.o(i.SD_Erase) refers to stm32f10x_sdio.o(i.SDIO_GetResponse) for SDIO_GetResponse
    sdio.o(i.SD_Erase) refers to stm32f10x_sdio.o(i.SDIO_SendCommand) for SDIO_SendCommand
    sdio.o(i.SD_Erase) refers to sdio.o(i.CmdResp1Error) for CmdResp1Error
[...]
    .text                                    0x08001088   Section        8  libspace.o(.text)
    .text                                    0x08001090   Section        8  rt_fp_status_addr_intlibspace.o(.text)
    .text                                    0x08001098   Section        0  sys_exit.o(.text)
    .text                                    0x080010a4   Section        2  use_no_semi.o(.text)
    .text                                    0x080010a6   Section        0  indicate_semi.o(.text)
    CL$$btod_d2e                             0x080010a6   Section       62  btod.o(CL$$btod_d2e)
    i.BusFault_Handler                       0x080010e4   Section        0  stm32f10x_it.o(i.BusFault_Handler)
    i.DMA_ClearFlag                          0x080010e8   Section        0  stm32f10x_dma.o(i.DMA_ClearFlag)
    .ARM.__AT_0x08001100                     0x08001100   Section       32  main.o(.ARM.__AT_0x08001100)
    .text                                    0x08001120   Section        0  bigflt0.o(.text)
    CL$$btod_d2e_denorm_low                  0x08001204   Section       70  btod.o(CL$$btod_d2e_denorm_low)
    CL$$btod_d2e_norm_op1                    0x0800124a   Section       96  btod.o(CL$$btod_d2e_norm_op1)
    CL$$btod_div_common                      0x080012aa   Section      824  btod.o(CL$$btod_div_common)
    CL$$btod_e2e                             0x080015e2   Section      198  btod.o(CL$$btod_e2e)
    CL$$btod_ediv                            0x080016a8   Section       40  btod.o(CL$$btod_ediv)
    CL$$btod_emul                            0x080016d0   Section       40  btod.o(CL$$btod_emul)
    CL$$btod_mult_common                     0x080016f8   Section      580  btod.o(CL$$btod_mult_common)
    i.CmdResp1Error                          0x0800193c   Section        0  sdio.o(i.CmdResp1Error)
    CmdResp1Error                            0x0800193d   Thumb Code   224  sdio.o(i.CmdResp1Error)
    i.CmdResp2Error                          0x08001a24   Section        0  sdio.o(i.CmdResp2Error)
    CmdResp2Error                            0x08001a25   Thumb Code    46  sdio.o(i.CmdResp2Error)
    i.CmdResp6Error                          0x08001a58   Section        0  sdio.o(i.CmdResp6Error)
    CmdResp6Error                            0x08001a59   Thumb Code   108  sdio.o(i.CmdResp6Error)
    i.DBG_Print                              0x08001ac8   Section        0  usart.o(i.DBG_Print)
    i.DMA_Cmd                                0x08001b12   Section        0  stm32f10x_dma.o(i.DMA_Cmd)
    i.DMA_GetFlagStatus                      0x08001b28   Section        0  stm32f10x_dma.o(i.DMA_GetFlagStatus)
    i.DMA_Init                               0x08001b48   Section        0  stm32f10x_dma.o(i.DMA_Init)
    i.DMA_RxConfiguration                    0x08001b84   Section        0  sdio.o(i.DMA_RxConfiguration)
    DMA_RxConfiguration                      0x08001b85   Thumb Code    80  sdio.o(i.DMA_RxConfiguration)
    i.DMA_TxConfiguration                    0x08001be0   Section        0  sdio.o(i.DMA_TxConfiguration)
    DMA_TxConfiguration                      0x08001be1   Thumb Code    82  sdio.o(i.DMA_TxConfiguration)
    i.DebugMon_Handler                       0x08001c40   Section        0  stm32f10x_it.o(i.DebugMon_Handler)
    i.EXTI15_10_IRQHandler                   0x08001c42   Section        0  main.o(i.EXTI15_10_IRQHandler)
    i.EXTI_ClearITPendingBit                 0x08001c60   Section        0  stm32f10x_exti.o(i.EXTI_ClearITPendingBit)
    i.EXTI_GetITStatus                       0x08001c6c   Section        0  stm32f10x_exti.o(i.EXTI_GetITStatus)
    i.FLASH_ErasePage                        0x08001c8c   Section        0  stm32f10x_flash.o(i.FLASH_ErasePage)
    i.FLASH_GetBank1Status                   0x08001cc8   Section        0  stm32f10x_flash.o(i.FLASH_GetBank1Status)
    i.FLASH_Lock                             0x08001cf0   Section        0  stm32f10x_flash.o(i.FLASH_Lock)
    i.FLASH_ProgramHalfWord                  0x08001d00   Section        0  stm32f10x_flash.o(i.FLASH_ProgramHalfWord)
    i.FLASH_Unlock                           0x08001d34   Section        0  stm32f10x_flash.o(i.FLASH_Unlock)
    i.FLASH_WaitForLastOperation             0x08001d4c   Section        0  stm32f10x_flash.o(i.FLASH_WaitForLastOperation)
    i.FindSCR                                0x08001d70   Section        0  sdio.o(i.FindSCR)
    FindSCR                                  0x08001d71   Thumb Code   296  sdio.o(i.FindSCR)
    i.FlashWrite                             0x08001ea8   Section        0  stmflash.o(i.FlashWrite)
    i.FlashWriteNoCheck                      0x08001ed8   Section        0  stmflash.o(i.FlashWriteNoCheck)
    i.GPIO_Init                              0x08001f00   Section        0  stm32f10x_gpio.o(i.GPIO_Init)
    i.HardFault_Handler                      0x08001fa4   Section        0  stm32f10x_it.o(i.HardFault_Handler)
    i.IsCardProgramming                      0x08001fa8   Section        0  sdio.o(i.IsCardProgramming)
    IsCardProgramming                        0x08001fa9   Thumb Code   264  sdio.o(i.IsCardProgramming)
    i.MemManage_Handler                      0x080020c0   Section        0  stm32f10x_it.o(i.MemManage_Handler)
    i.NMI_Handler                            0x080020c2   Section        0  stm32f10x_it.o(i.NMI_Handler)
    i.NVIC_Init                              0x080020c4   Section        0  misc.o(i.NVIC_Init)
    i.NVIC_PriorityGroupConfig               0x08002128   Section        0  misc.o(i.NVIC_PriorityGroupConfig)
    i.PendSV_Handler                         0x0800213c   Section        0  stm32f10x_it.o(i.PendSV_Handler)
    i.RCC_AHBPeriphClockCmd                  0x08002140   Section        0  stm32f10x_rcc.o(i.RCC_AHBPeriphClockCmd)
    i.RCC_APB2PeriphClockCmd                 0x08002158   Section        0  stm32f10x_rcc.o(i.RCC_APB2PeriphClockCmd)
    i.RCC_GetClocksFreq                      0x08002170   Section        0  stm32f10x_rcc.o(i.RCC_GetClocksFreq)
    i.SDEnWideBus                            0x0800220c   Section        0  sdio.o(i.SDEnWideBus)
    SDEnWideBus                              0x0800220d   Thumb Code   182  sdio.o(i.SDEnWideBus)
    i.SDIO_ClearFlag                         0x080022cc   Section        0  stm32f10x_sdio.o(i.SDIO_ClearFlag)
    i.SDIO_ClearITPendingBit                 0x080022d8   Section        0  stm32f10x_sdio.o(i.SDIO_ClearITPendingBit)
    i.SDIO_ClockCmd                          0x080022e4   Section        0  stm32f10x_sdio.o(i.SDIO_ClockCmd)
    i.SDIO_DMACmd                            0x080022f0   Section        0  stm32f10x_sdio.o(i.SDIO_DMACmd)
    i.SDIO_DataConfig                        0x080022fc   Section        0  stm32f10x_sdio.o(i.SDIO_DataConfig)
    i.SDIO_DeInit                            0x08002328   Section        0  stm32f10x_sdio.o(i.SDIO_DeInit)
    i.SDIO_GetCommandResponse                0x0800234c   Section        0  stm32f10x_sdio.o(i.SDIO_GetCommandResponse)
    i.SDIO_GetFlagStatus                     0x08002358   Section        0  stm32f10x_sdio.o(i.SDIO_GetFlagStatus)
    i.SDIO_GetITStatus                       0x0800236c   Section        0  stm32f10x_sdio.o(i.SDIO_GetITStatus)
    i.SDIO_GetPowerState                     0x08002380   Section        0  stm32f10x_sdio.o(i.SDIO_GetPowerState)
    i.SDIO_GetResponse                       0x08002390   Section        0  stm32f10x_sdio.o(i.SDIO_GetResponse)
    i.SDIO_IRQHandler                        0x0800239c   Section        0  stm32f10x_it.o(i.SDIO_IRQHandler)
    i.SDIO_ITConfig                          0x080023a0   Section        0  stm32f10x_sdio.o(i.SDIO_ITConfig)
    i.SDIO_Init                              0x080023b8   Section        0  stm32f10x_sdio.o(i.SDIO_Init)
    i.SDIO_ReadData                          0x080023e4   Section        0  stm32f10x_sdio.o(i.SDIO_ReadData)
    i.SDIO_SendCommand                       0x080023f0   Section        0  stm32f10x_sdio.o(i.SDIO_SendCommand)
    i.SDIO_SetPowerState                     0x08002418   Section        0  stm32f10x_sdio.o(i.SDIO_SetPowerState)
    i.SDIO_WriteData                         0x08002430   Section        0  stm32f10x_sdio.o(i.SDIO_WriteData)
    i.SD_EnableWideBusOperation              0x0800243c   Section        0  sdio.o(i.SD_EnableWideBusOperation)
    i.SD_GetCardInfo                         0x080024b4   Section        0  sdio.o(i.SD_GetCardInfo)
    i.SD_Init                                0x08002720   Section        0  sdio.o(i.SD_Init)
    i.SD_InitializeCards                     0x080027a4   Section        0  sdio.o(i.SD_InitializeCards)
    i.SD_NVIC_Configuration                  0x080028ac   Section        0  sdio.o(i.SD_NVIC_Configuration)
    i.SD_PowerON                             0x080028d4   Section        0  sdio.o(i.SD_PowerON)
    i.SD_ProcessIRQSrc                       0x08002a98   Section        0  sdio.o(i.SD_ProcessIRQSrc)
    i.SD_ReadBlock                           0x08002c30   Section        0  sdio.o(i.SD_ReadBlock)
    i.SD_ReadMultiBlocks                     0x08002e34   Section        0  sdio.o(i.SD_ReadMultiBlocks)
    i.SD_SelectDeselect                      0x0800308c   Section        0  sdio.o(i.SD_SelectDeselect)
    i.SD_SetDeviceMode                       0x080030b8   Section        0  sdio.o(i.SD_SetDeviceMode)
    i.SD_StopTransfer                        0x080030d4   Section        0  sdio.o(i.SD_StopTransfer)
    i.SD_WriteBlock                          0x080030fc   Section        0  sdio.o(i.SD_WriteBlock)
    i.SD_WriteMultiBlocks                    0x080033c0   Section        0  sdio.o(i.SD_WriteMultiBlocks)
    i.SVC_Handler                            0x080036e4   Section        0  stm32f10x_it.o(i.SVC_Handler)
    i.SetSysClockTo72                        0x080036e8   Section        0  system_stm32f10x.o(i.SetSysClockTo72)
    SetSysClockTo72                          0x080036e9   Thumb Code   138  system_stm32f10x.o(i.SetSysClockTo72)
    i.SysTick_Handler                        0x0800377c   Section        0  stm32f10x_it.o(i.SysTick_Handler)
    i.SystemInit                             0x08003780   Section        0  system_stm32f10x.o(i.SystemInit)
    i.Test_SDCard                            0x080037d0   Section        0  sdio.o(i.Test_SDCard)
    i.USART1_IRQHandler                      0x0800382c   Section        0  stm32f10x_it.o(i.USART1_IRQHandler)
    i.USART_Cmd                              0x0800382e   Section        0  stm32f10x_usart.o(i.USART_Cmd)
    i.USART_Configuration                    0x08003844   Section        0  usart.o(i.USART_Configuration)
    i.USART_GetFlagStatus                    0x080038e0   Section        0  stm32f10x_usart.o(i.USART_GetFlagStatus)
    i.USART_ITConfig                         0x080038ee   Section        0  stm32f10x_usart.o(i.USART_ITConfig)
    i.USART_Init                             0x08003920   Section        0  stm32f10x_usart.o(i.USART_Init)
    i.USART_SendData                         0x080039d4   Section        0  stm32f10x_usart.o(i.USART_SendData)
    i.UsageFault_Handler                     0x080039dc   Section        0  stm32f10x_it.o(i.UsageFault_Handler)
    i.Usart1_PutChar                         0x080039e0   Section        0  usart.o(i.Usart1_PutChar)
    i.Usart1_PutStr                          0x08003a00   Section        0  usart.o(i.Usart1_PutStr)
    i.__ARM_fpclassify                       0x08003a16   Section        0  fpclassify.o(i.__ARM_fpclassify)
    i._is_digit                              0x08003a3e   Section        0  __printf_wp.o(i._is_digit)
    i.auto_mount                             0x08003a4c   Section        0  ff.o(i.auto_mount)
    auto_mount                               0x08003a4d   Thumb Code   450  ff.o(i.auto_mount)
    i.check_fs                               0x08003c1c   Section        0  ff.o(i.check_fs)
    check_fs                                 0x08003c1d   Thumb Code    86  ff.o(i.check_fs)
    i.clust2sect                             0x08003c78   Section        0  ff.o(i.clust2sect)
    clust2sect                               0x08003c79   Thumb Code    24  ff.o(i.clust2sect)
    i.convert_from_bytes_to_power_of_two     0x08003c90   Section        0  sdio.o(i.convert_from_bytes_to_power_of_two)
    convert_from_bytes_to_power_of_two       0x08003c91   Thumb Code    18  sdio.o(i.convert_from_bytes_to_power_of_two)
    i.create_chain                           0x08003ca2   Section        0  ff.o(i.create_chain)
    create_chain                             0x08003ca3   Thumb Code   150  ff.o(i.create_chain)
    i.create_name                            0x08003d38   Section        0  ff.o(i.create_name)
    create_name                              0x08003d39   Thumb Code   282  ff.o(i.create_name)
    i.dir_next                               0x08003e60   Section        0  ff.o(i.dir_next)
    dir_next                                 0x08003e61   Thumb Code   238  ff.o(i.dir_next)
    i.dir_register                           0x08003f4e   Section        0  ff.o(i.dir_register)
    dir_register                             0x08003f4f   Thumb Code   102  ff.o(i.dir_register)
    i.dir_seek                               0x08003fb4   Section        0  ff.o(i.dir_seek)
    dir_seek                                 0x08003fb5   Thumb Code   126  ff.o(i.dir_seek)
    i.disk_initialize                        0x08004032   Section        0  diskio.o(i.disk_initialize)
    i.disk_ioctl                             0x0800404c   Section        0  diskio.o(i.disk_ioctl)
    i.disk_read                              0x08004050   Section        0  diskio.o(i.disk_read)
    i.disk_status                            0x0800406c   Section        0  diskio.o(i.disk_status)
    i.disk_write                             0x08004080   Section        0  diskio.o(i.disk_write)
    i.f_close                                0x0800409c   Section        0  ff.o(i.f_close)
    i.f_lseek                                0x080040ae   Section        0  ff.o(i.f_lseek)
    i.f_mount                                0x080041f0   Section        0  ff.o(i.f_mount)
    i.f_open                                 0x08004210   Section        0  ff.o(i.f_open)
    i.f_read                                 0x0800435a   Section        0  ff.o(i.f_read)
    i.f_sync                                 0x080044b8   Section        0  ff.o(i.f_sync)
    i.follow_path                            0x0800455c   Section        0  ff.o(i.follow_path)
    follow_path                              0x0800455d   Thumb Code   164  ff.o(i.follow_path)
    i.get_fat                                0x08004600   Section        0  ff.o(i.get_fat)
    get_fat                                  0x08004601   Thumb Code   180  ff.o(i.get_fat)
    i.get_fattime                            0x080046b4   Section        0  diskio.o(i.get_fattime)
    i.iap_load_app                           0x080046b8   Section        0  iap.o(i.iap_load_app)
    i.main                                   0x080046d4   Section        0  main.o(i.main)
    i.mem_cmp                                0x080048f0   Section        0  ff.o(i.mem_cmp)
    mem_cmp                                  0x080048f1   Thumb Code    24  ff.o(i.mem_cmp)
    i.mem_cpy                                0x08004908   Section        0  ff.o(i.mem_cpy)
    mem_cpy                                  0x08004909   Thumb Code    18  ff.o(i.mem_cpy)
    i.mem_set                                0x0800491a   Section        0  ff.o(i.mem_set)
    mem_set                                  0x0800491b   Thumb Code    14  ff.o(i.mem_set)
    i.move_window                            0x08004928   Section        0  ff.o(i.move_window)
    move_window                              0x08004929   Thumb Code   106  ff.o(i.move_window)
    i.put_fat                                0x08004992   Section        0  ff.o(i.put_fat)
    put_fat                                  0x08004993   Thumb Code   240  ff.o(i.put_fat)
    i.remove_chain                           0x08004a82   Section        0  ff.o(i.remove_chain)
    remove_chain                             0x08004a83   Thumb Code    98  ff.o(i.remove_chain)
    i.sync                                   0x08004ae4   Section        0  ff.o(i.sync)
    sync                                     0x08004ae5   Thumb Code   184  ff.o(i.sync)
    i.validate                               0x08004b9c   Section        0  ff.o(i.validate)
    validate                                 0x08004b9d   Thumb Code    32  ff.o(i.validate)
    locale$$code                             0x08004bbc   Section       44  lc_numeric_c.o(locale$$code)
    locale$$code                             0x08004be8   Section       44  lc_ctype_c.o(locale$$code)
    x$fpl$fpinit                             0x08004c14   Section       14  fpinit.o(x$fpl$fpinit)
    x$fpl$printf1                            0x08004c22   Section        4  printf1.o(x$fpl$printf1)
    .constdata                               0x08004c26   Section        4  ff.o(.constdata)
    x$fpl$usenofp                            0x08004c26   Section        0  usenofp.o(x$fpl$usenofp)
    fatstr                                   0x08004c26   Data           4  ff.o(.constdata)
    .constdata                               0x08004c2c   Section        8  _printf_wctomb.o(.constdata)
    initial_mbstate                          0x08004c2c   Data           8  _printf_wctomb.o(.constdata)
    .constdata                               0x08004c34   Section       40  _printf_hex_int_ll_ptr.o(.constdata)
    uc_hextab                                0x08004c34   Data          20  _printf_hex_int_ll_ptr.o(.constdata)
    lc_hextab                                0x08004c48   Data          20  _printf_hex_int_ll_ptr.o(.constdata)
    .constdata                               0x08004c5c   Section       17  __printf_flags_ss_wp.o(.constdata)
    maptable                                 0x08004c5c   Data          17  __printf_flags_ss_wp.o(.constdata)
    .constdata                               0x08004c70   Section      148  bigflt0.o(.constdata)
    tenpwrs_x                                0x08004c70   Data          60  bigflt0.o(.constdata)
    tenpwrs_i                                0x08004cac   Data          64  bigflt0.o(.constdata)
    locale$$data                             0x08004d24   Section       28  lc_numeric_c.o(locale$$data)
    __lcnum_c_name                           0x08004d28   Data           2  lc_numeric_c.o(locale$$data)
    __lcnum_c_start                          0x08004d30   Data           0  lc_numeric_c.o(locale$$data)
    __lcnum_c_point                          0x08004d3c   Data           0  lc_numeric_c.o(locale$$data)
    __lcnum_c_thousands                      0x08004d3e   Data           0  lc_numeric_c.o(locale$$data)
    __lcnum_c_grouping                       0x08004d3f   Data           0  lc_numeric_c.o(locale$$data)
    locale$$data                             0x08004d40   Section      272  lc_ctype_c.o(locale$$data)
    __lcnum_c_end                            0x08004d40   Data           0  lc_numeric_c.o(locale$$data)
    __lcctype_c_name                         0x08004d44   Data           2  lc_ctype_c.o(locale$$data)
    __lcctype_c_start                        0x08004d4c   Data           0  lc_ctype_c.o(locale$$data)
    __lcctype_c_end                          0x08004e50   Data           0  lc_ctype_c.o(locale$$data)
    .data                                    0x20000000   Section        1  main.o(.data)
    .data                                    0x20000004   Section       40  sdio.o(.data)
    CardType                                 0x20000008   Data           4  sdio.o(.data)
    RCA                                      0x2000000c   Data           4  sdio.o(.data)
    DeviceMode                               0x20000010   Data           4  sdio.o(.data)
    TotalNumberOfBytes                       0x20000014   Data           4  sdio.o(.data)
    StopCondition                            0x20000018   Data           4  sdio.o(.data)
    .data                                    0x2000002c   Section        4  iap.o(.data)
    .data                                    0x20000030   Section        8  ff.o(.data)
    Fsid                                     0x20000030   Data           2  ff.o(.data)
    FatFs                                    0x20000034   Data           4  ff.o(.data)
    .data                                    0x20000038   Section       20  stm32f10x_rcc.o(.data)
    ADCPrescTable                            0x20000038   Data           4  stm32f10x_rcc.o(.data)
    APBAHBPrescTable                         0x2000003c   Data          16  stm32f10x_rcc.o(.data)
    .bss                                     0x2000004c   Section     3724  main.o(.bss)
    .bss                                     0x20000ed8   Section      100  sdio.o(.bss)
    CSD_Tab                                  0x20000ed8   Data          16  sdio.o(.bss)
    CID_Tab                                  0x20000ee8   Data          16  sdio.o(.bss)
    .bss                                     0x20000f3c   Section       96  libspace.o(.bss)
    HEAP                                     0x20000fa0   Section      512  startup_stm32f10x_hd.o(HEAP)
    Heap_Mem                                 0x20000fa0   Data         512  startup_stm32f10x_hd.o(HEAP)
    STACK                                    0x200011a0   Section     1024  startup_stm32f10x_hd.o(STACK)
    Stack_Mem                                0x200011a0   Data        1024  startup_stm32f10x_hd.o(STACK)
    __initial_sp                             0x200015a0   Data           0  startup_stm32f10x_hd.o(STACK)

    Global Symbols

    Symbol Name                              Value     Ov Type        Size  Object(Section)

    BuildAttributes$$THM_ISAv4$P$D$K$B$S$PE$A:L22UL41UL21$X:L11$S22US41US21$IEEE1$IW$USESV6$~STKCKD$USESV7$~SHL$OTIME$ROPI$IEEEJ$EBA8$UX$STANDARDLIB$REQ8$PRES8$EABIv2 0x00000000   Number         0  anon$$obj.o ABSOLUTE
    __ARM_use_no_argv                        0x00000000   Number         0  main.o ABSOLUTE
    _printf_flags                            0x00000000   Number         0  printf_stubs.o ABSOLUTE
    _printf_return_value                     0x00000000   Number         0  printf_stubs.o ABSOLUTE
    _printf_sizespec                         0x00000000   Number         0  printf_stubs.o ABSOLUTE
    _printf_widthprec                        0x00000000   Number         0  printf_stubs.o ABSOLUTE
    __ARM_exceptions_init                     - Undefined Weak Reference
    __alloca_initialize                       - Undefined Weak Reference
    __cpp_initialize__aeabi_                  - Undefined Weak Reference
    __cxa_finalize                            - Undefined Weak Reference
    __sigvec_lookup                           - Undefined Weak Reference
    _atexit_init                              - Undefined Weak Reference
    _call_atexit_fns                          - Undefined Weak Reference
    _clock_init                               - Undefined Weak Reference
    _fp_trap_init                             - Undefined Weak Reference
    _fp_trap_shutdown                         - Undefined Weak Reference
    _get_lc_collate                           - Undefined Weak Reference
    _get_lc_monetary                          - Undefined Weak Reference
    _get_lc_time                              - Undefined Weak Reference
    _getenv_init                              - Undefined Weak Reference
    _handle_redirection                       - Undefined Weak Reference
    _init_alloc                               - Undefined Weak Reference
    _init_user_alloc                          - Undefined Weak Reference
    _initio                                   - Undefined Weak Reference
    _printf_fp_hex                            - Undefined Weak Reference
    _printf_mbtowc                            - Undefined Weak Reference
    _printf_wc                                - Undefined Weak Reference
    _rand_init                                - Undefined Weak Reference
    _signal_finish                            - Undefined Weak Reference
    _signal_init                              - Undefined Weak Reference
    _terminate_alloc                          - Undefined Weak Reference
    _terminate_user_alloc                     - Undefined Weak Reference
    _terminateio                              - Undefined Weak Reference
    __Vectors_Size                           0x00000130   Number         0  startup_stm32f10x_hd.o ABSOLUTE
    __Vectors                                0x08000000   Data           4  startup_stm32f10x_hd.o(RESET)
    __Vectors_End                            0x08000130   Data           0  startup_stm32f10x_hd.o(RESET)
    __main                                   0x08000131   Thumb Code     8  __main.o(!!!main)
    __scatterload                            0x08000139   Thumb Code     0  __scatter.o(!!!scatter)
    __scatterload_rt2                        0x08000139   Thumb Code    44  __scatter.o(!!!scatter)
    __scatterload_rt2_thumb_only             0x08000139   Thumb Code     0  __scatter.o(!!!scatter)
    __scatterload_null                       0x08000147   Thumb Code     0  __scatter.o(!!!scatter)
    __scatterload_copy                       0x0800016d   Thumb Code    26  __scatter_copy.o(!!handler_copy)
    __scatterload_zeroinit                   0x08000189   Thumb Code    28  __scatter_zi.o(!!handler_zi)
    _printf_n                                0x080001a5   Thumb Code     0  _printf_n.o(.ARM.Collect$$_printf_percent$$00000001)
    _printf_percent                          0x080001a5   Thumb Code     0  _printf_percent.o(.ARM.Collect$$_printf_percent$$00000000)
    _printf_p                                0x080001ab   Thumb Code     0  _printf_p.o(.ARM.Collect$$_printf_percent$$00000002)
    _printf_f                                0x080001b1   Thumb Code     0  _printf_f.o(.ARM.Collect$$_printf_percent$$00000003)
    _printf_e                                0x080001b7   Thumb Code     0  _printf_e.o(.ARM.Collect$$_printf_percent$$00000004)
    _printf_g                                0x080001bd   Thumb Code     0  _printf_g.o(.ARM.Collect$$_printf_percent$$00000005)
    _printf_a                                0x080001c3   Thumb Code     0  _printf_a.o(.ARM.Collect$$_printf_percent$$00000006)
    _printf_ll                               0x080001c9   Thumb Code     0  _printf_ll.o(.ARM.Collect$$_printf_percent$$00000007)
    _printf_i                                0x080001d3   Thumb Code     0  _printf_i.o(.ARM.Collect$$_printf_percent$$00000008)
    _printf_d                                0x080001d9   Thumb Code     0  _printf_d.o(.ARM.Collect$$_printf_percent$$00000009)
    _printf_u                                0x080001df   Thumb Code     0  _printf_u.o(.ARM.Collect$$_printf_percent$$0000000A)
    _printf_o                                0x080001e5   Thumb Code     0  _printf_o.o(.ARM.Collect$$_printf_percent$$0000000B)
    _printf_x                                0x080001eb   Thumb Code     0  _printf_x.o(.ARM.Collect$$_printf_percent$$0000000C)
    _printf_lli                              0x080001f1   Thumb Code     0  _printf_lli.o(.ARM.Collect$$_printf_percent$$0000000D)
    _printf_lld                              0x080001f7   Thumb Code     0  _printf_lld.o(.ARM.Collect$$_printf_percent$$0000000E)
    _printf_llu                              0x080001fd   Thumb Code     0  _printf_llu.o(.ARM.Collect$$_printf_percent$$0000000F)
    _printf_llo                              0x08000203   Thumb Code     0  _printf_llo.o(.ARM.Collect$$_printf_percent$$00000010)
    _printf_llx                              0x08000209   Thumb Code     0  _printf_llx.o(.ARM.Collect$$_printf_percent$$00000011)
    _printf_l                                0x0800020f   Thumb Code     0  _printf_l.o(.ARM.Collect$$_printf_percent$$00000012)
    _printf_c                                0x08000219   Thumb Code     0  _printf_c.o(.ARM.Collect$$_printf_percent$$00000013)
    _printf_s                                0x0800021f   Thumb Code     0  _printf_s.o(.ARM.Collect$$_printf_percent$$00000014)
    _printf_lc                               0x08000225   Thumb Code     0  _printf_lc.o(.ARM.Collect$$_printf_percent$$00000015)
    _printf_ls                               0x0800022b   Thumb Code     0  _printf_ls.o(.ARM.Collect$$_printf_percent$$00000016)
    _printf_percent_end                      0x08000231   Thumb Code     0  _printf_percent_end.o(.ARM.Collect$$_printf_percent$$00000017)
    __rt_lib_init                            0x08000235   Thumb Code     0  libinit.o(.ARM.Collect$$libinit$$00000000)
    __rt_lib_init_heap_1                     0x0800023b   Thumb Code     0  libinit2.o(.ARM.Collect$$libinit$$00000006)
    __rt_lib_init_lc_common                  0x0800023b   Thumb Code     0  libinit2.o(.ARM.Collect$$libinit$$0000000B)
    __rt_lib_init_rand_1                     0x0800023b   Thumb Code     0  libinit2.o(.ARM.Collect$$libinit$$0000000A)
    __rt_lib_init_user_alloc_1               0x0800023b   Thumb Code     0  libinit2.o(.ARM.Collect$$libinit$$00000008)
    __rt_lib_init_lc_collate_1               0x08000241   Thumb Code     0  libinit2.o(.ARM.Collect$$libinit$$0000000D)
    __rt_lib_init_lc_ctype_2                 0x08000241   Thumb Code     0  libinit2.o(.ARM.Collect$$libinit$$0000000E)
    __rt_lib_init_lc_ctype_1                 0x0800024d   Thumb Code     0  libinit2.o(.ARM.Collect$$libinit$$0000000F)
    __rt_lib_init_lc_monetary_1              0x0800024d   Thumb Code     0  libinit2.o(.ARM.Collect$$libinit$$00000011)
    __rt_lib_init_lc_numeric_2               0x0800024d   Thumb Code     0  libinit2.o(.ARM.Collect$$libinit$$00000012)
    __rt_lib_init_alloca_1                   0x08000257   Thumb Code     0  libinit2.o(.ARM.Collect$$libinit$$0000002A)
    __rt_lib_init_argv_1                     0x08000257   Thumb Code     0  libinit2.o(.ARM.Collect$$libinit$$00000028)
    __rt_lib_init_atexit_1                   0x08000257   Thumb Code     0  libinit2.o(.ARM.Collect$$libinit$$00000017)
    __rt_lib_init_clock_1                    0x08000257   Thumb Code     0  libinit2.o(.ARM.Collect$$libinit$$0000001D)
    __rt_lib_init_cpp_1                      0x08000257   Thumb Code     0  libinit2.o(.ARM.Collect$$libinit$$0000002E)
    __rt_lib_init_exceptions_1               0x08000257   Thumb Code     0  libinit2.o(.ARM.Collect$$libinit$$0000002C)
    __rt_lib_init_fp_trap_1                  0x08000257   Thumb Code     0  libinit2.o(.ARM.Collect$$libinit$$0000001B)
    __rt_lib_init_getenv_1                   0x08000257   Thumb Code     0  libinit2.o(.ARM.Collect$$libinit$$0000001F)
    __rt_lib_init_lc_numeric_1               0x08000257   Thumb Code     0  libinit2.o(.ARM.Collect$$libinit$$00000013)
    __rt_lib_init_lc_time_1                  0x08000257   Thumb Code     0  libinit2.o(.ARM.Collect$$libinit$$00000015)
    __rt_lib_init_return                     0x08000257   Thumb Code     0  libinit2.o(.ARM.Collect$$libinit$$0000002F)
    __rt_lib_init_signal_1                   0x08000257   Thumb Code     0  libinit2.o(.ARM.Collect$$libinit$$00000019)
    __rt_lib_init_stdio_1                    0x08000257   Thumb Code     0  libinit2.o(.ARM.Collect$$libinit$$00000021)
    __rt_lib_shutdown                        0x08000259   Thumb Code     0  libshutdown.o(.ARM.Collect$$libshutdown$$00000000)
    __rt_lib_shutdown_fp_trap_1              0x0800025b   Thumb Code     0  libshutdown2.o(.ARM.Collect$$libshutdown$$00000006)
    __rt_lib_shutdown_heap_1                 0x0800025b   Thumb Code     0  libshutdown2.o(.ARM.Collect$$libshutdown$$0000000E)
    __rt_lib_shutdown_return                 0x0800025b   Thumb Code     0  libshutdown2.o(.ARM.Collect$$libshutdown$$0000000F)
    __rt_lib_shutdown_signal_1               0x0800025b   Thumb Code     0  libshutdown2.o(.ARM.Collect$$libshutdown$$00000009)
    __rt_lib_shutdown_stdio_1                0x0800025b   Thumb Code     0  libshutdown2.o(.ARM.Collect$$libshutdown$$00000003)
    __rt_lib_shutdown_user_alloc_1           0x0800025b   Thumb Code     0  libshutdown2.o(.ARM.Collect$$libshutdown$$0000000B)
    __rt_entry                               0x0800025d   Thumb Code     0  rtentry.o(.ARM.Collect$$rtentry$$00000000)
    __rt_entry_presh_1                       0x0800025d   Thumb Code     0  rtentry2.o(.ARM.Collect$$rtentry$$00000002)
    __rt_entry_sh                            0x0800025d   Thumb Code     0  rtentry4.o(.ARM.Collect$$rtentry$$00000004)
    __rt_entry_li                            0x08000263   Thumb Code     0  rtentry2.o(.ARM.Collect$$rtentry$$0000000A)
    __rt_entry_postsh_1                      0x08000263   Thumb Code     0  rtentry2.o(.ARM.Collect$$rtentry$$00000009)
    __rt_entry_main                          0x08000267   Thumb Code     0  rtentry2.o(.ARM.Collect$$rtentry$$0000000D)
    __rt_entry_postli_1                      0x08000267   Thumb Code     0  rtentry2.o(.ARM.Collect$$rtentry$$0000000C)
    __rt_exit                                0x0800026f   Thumb Code     0  rtexit.o(.ARM.Collect$$rtexit$$00000000)
    __rt_exit_ls                             0x08000271   Thumb Code     0  rtexit2.o(.ARM.Collect$$rtexit$$00000003)
    __rt_exit_prels_1                        0x08000271   Thumb Code     0  rtexit2.o(.ARM.Collect$$rtexit$$00000002)
    __rt_exit_exit                           0x08000275   Thumb Code     0  rtexit2.o(.ARM.Collect$$rtexit$$00000004)
    MSR_MSP                                  0x0800027d   Thumb Code     6  iap.o(.emb_text)
    Reset_Handler                            0x08000285   Thumb Code     8  startup_stm32f10x_hd.o(.text)
    ADC1_2_IRQHandler                        0x0800029f   Thumb Code     0  startup_stm32f10x_hd.o(.text)
    ADC3_IRQHandler                          0x0800029f   Thumb Code     0  startup_stm32f10x_hd.o(.text)
    CAN1_RX1_IRQHandler                      0x0800029f   Thumb Code     0  startup_stm32f10x_hd.o(.text)
    CAN1_SCE_IRQHandler                      0x0800029f   Thumb Code     0  startup_stm32f10x_hd.o(.text)
    DMA1_Channel1_IRQHandler                 0x0800029f   Thumb Code     0  startup_stm32f10x_hd.o(.text)
    DMA1_Channel2_IRQHandler                 0x0800029f   Thumb Code     0  startup_stm32f10x_hd.o(.text)
    DMA1_Channel3_IRQHandler                 0x0800029f   Thumb Code     0  startup_stm32f10x_hd.o(.text)
    DMA1_Channel4_IRQHandler                 0x0800029f   Thumb Code     0  startup_stm32f10x_hd.o(.text)
    DMA1_Channel5_IRQHandler                 0x0800029f   Thumb Code     0  startup_stm32f10x_hd.o(.text)
    DMA1_Channel6_IRQHandler                 0x0800029f   Thumb Code     0  startup_stm32f10x_hd.o(.text)
    DMA1_Channel7_IRQHandler                 0x0800029f   Thumb Code     0  startup_stm32f10x_hd.o(.text)
    DMA2_Channel1_IRQHandler                 0x0800029f   Thumb Code     0  startup_stm32f10x_hd.o(.text)
    DMA2_Channel2_IRQHandler                 0x0800029f   Thumb Code     0  startup_stm32f10x_hd.o(.text)
    DMA2_Channel3_IRQHandler                 0x0800029f   Thumb Code     0  startup_stm32f10x_hd.o(.text)
    DMA2_Channel4_5_IRQHandler               0x0800029f   Thumb Code     0  startup_stm32f10x_hd.o(.text)
    EXTI0_IRQHandler                         0x0800029f   Thumb Code     0  startup_stm32f10x_hd.o(.text)
    EXTI1_IRQHandler                         0x0800029f   Thumb Code     0  startup_stm32f10x_hd.o(.text)
    EXTI2_IRQHandler                         0x0800029f   Thumb Code     0  startup_stm32f10x_hd.o(.text)
    EXTI3_IRQHandler                         0x0800029f   Thumb Code     0  startup_stm32f10x_hd.o(.text)
    EXTI4_IRQHandler                         0x0800029f   Thumb Code     0  startup_stm32f10x_hd.o(.text)
    EXTI9_5_IRQHandler                       0x0800029f   Thumb Code     0  startup_stm32f10x_hd.o(.text)
    FLASH_IRQHandler                         0x0800029f   Thumb Code     0  startup_stm32f10x_hd.o(.text)
    FSMC_IRQHandler                          0x0800029f   Thumb Code     0  startup_stm32f10x_hd.o(.text)
    I2C1_ER_IRQHandler                       0x0800029f   Thumb Code     0  startup_stm32f10x_hd.o(.text)
    I2C1_EV_IRQHandler                       0x0800029f   Thumb Code     0  startup_stm32f10x_hd.o(.text)
    I2C2_ER_IRQHandler                       0x0800029f   Thumb Code     0  startup_stm32f10x_hd.o(.text)
    I2C2_EV_IRQHandler                       0x0800029f   Thumb Code     0  startup_stm32f10x_hd.o(.text)
    PVD_IRQHandler                           0x0800029f   Thumb Code     0  startup_stm32f10x_hd.o(.text)
    RCC_IRQHandler                           0x0800029f   Thumb Code     0  startup_stm32f10x_hd.o(.text)
    RTCAlarm_IRQHandler                      0x0800029f   Thumb Code     0  startup_stm32f10x_hd.o(.text)
    RTC_IRQHandler                           0x0800029f   Thumb Code     0  startup_stm32f10x_hd.o(.text)
    SPI1_IRQHandler                          0x0800029f   Thumb Code     0  startup_stm32f10x_hd.o(.text)
    SPI2_IRQHandler                          0x0800029f   Thumb Code     0  startup_stm32f10x_hd.o(.text)
    SPI3_IRQHandler                          0x0800029f   Thumb Code     0  startup_stm32f10x_hd.o(.text)
    TAMPER_IRQHandler                        0x0800029f   Thumb Code     0  startup_stm32f10x_hd.o(.text)
    TIM1_BRK_IRQHandler                      0x0800029f   Thumb Code     0  startup_stm32f10x_hd.o(.text)
    TIM1_CC_IRQHandler                       0x0800029f   Thumb Code     0  startup_stm32f10x_hd.o(.text)
    TIM1_TRG_COM_IRQHandler                  0x0800029f   Thumb Code     0  startup_stm32f10x_hd.o(.text)
    TIM1_UP_IRQHandler                       0x0800029f   Thumb Code     0  startup_stm32f10x_hd.o(.text)
    TIM2_IRQHandler                          0x0800029f   Thumb Code     0  startup_stm32f10x_hd.o(.text)
    TIM3_IRQHandler                          0x0800029f   Thumb Code     0  startup_stm32f10x_hd.o(.text)
    TIM4_IRQHandler                          0x0800029f   Thumb Code     0  startup_stm32f10x_hd.o(.text)
    TIM5_IRQHandler                          0x0800029f   Thumb Code     0  startup_stm32f10x_hd.o(.text)
    TIM6_IRQHandler                          0x0800029f   Thumb Code     0  startup_stm32f10x_hd.o(.text)
    TIM7_IRQHandler                          0x0800029f   Thumb Code     0  startup_stm32f10x_hd.o(.text)
    TIM8_BRK_IRQHandler                      0x0800029f   Thumb Code     0  startup_stm32f10x_hd.o(.text)
    TIM8_CC_IRQHandler                       0x0800029f   Thumb Code     0  startup_stm32f10x_hd.o(.text)
    TIM8_TRG_COM_IRQHandler                  0x0800029f   Thumb Code     0  startup_stm32f10x_hd.o(.text)
    TIM8_UP_IRQHandler                       0x0800029f   Thumb Code     0  startup_stm32f10x_hd.o(.text)
    UART4_IRQHandler                         0x0800029f   Thumb Code     0  startup_stm32f10x_hd.o(.text)
    UART5_IRQHandler                         0x0800029f   Thumb Code     0  startup_stm32f10x_hd.o(.text)
    USART2_IRQHandler                        0x0800029f   Thumb Code     0  startup_stm32f10x_hd.o(.text)
    USART3_IRQHandler                        0x0800029f   Thumb Code     0  startup_stm32f10x_hd.o(.text)
    USBWakeUp_IRQHandler                     0x0800029f   Thumb Code     0  startup_stm32f10x_hd.o(.text)
    USB_HP_CAN1_TX_IRQHandler                0x0800029f   Thumb Code     0  startup_stm32f10x_hd.o(.text)
    USB_LP_CAN1_RX0_IRQHandler               0x0800029f   Thumb Code     0  startup_stm32f10x_hd.o(.text)
    WWDG_IRQHandler                          0x0800029f   Thumb Code     0  startup_stm32f10x_hd.o(.text)
    __user_initial_stackheap                 0x080002a1   Thumb Code     0  startup_stm32f10x_hd.o(.text)
    __c89vsnprintf                           0x080002c5   Thumb Code    46  c89vsnprintf.o(.text)
    __aeabi_memclr                           0x080002f9   Thumb Code     0  rt_memclr.o(.text)
    __rt_memclr                              0x080002f9   Thumb Code    68  rt_memclr.o(.text)
    _memset                                  0x080002fd   Thumb Code     0  rt_memclr.o(.text)
    __aeabi_memclr4                          0x0800033d   Thumb Code     0  rt_memclr_w.o(.text)
    __aeabi_memclr8                          0x0800033d   Thumb Code     0  rt_memclr_w.o(.text)
    __rt_memclr_w                            0x0800033d   Thumb Code    78  rt_memclr_w.o(.text)
    _memset_w                                0x08000341   Thumb Code     0  rt_memclr_w.o(.text)
    strcmp                                   0x0800038d   Thumb Code   128  strcmpv7m.o(.text)
    __use_two_region_memory                  0x0800040d   Thumb Code     2  heapauxi.o(.text)
    __rt_heap_escrow$2region                 0x0800040f   Thumb Code     2  heapauxi.o(.text)
    __rt_heap_expand$2region                 0x08000411   Thumb Code     2  heapauxi.o(.text)
    _printf_pre_padding                      0x08000413   Thumb Code    46  _printf_pad.o(.text)
    _printf_post_padding                     0x08000441   Thumb Code    36  _printf_pad.o(.text)
    _printf_truncate_signed                  0x08000465   Thumb Code    18  _printf_truncate.o(.text)
    _printf_truncate_unsigned                0x08000477   Thumb Code    18  _printf_truncate.o(.text)
    _printf_str                              0x08000489   Thumb Code    82  _printf_str.o(.text)
    _printf_int_dec                          0x080004dd   Thumb Code   102  _printf_dec.o(.text)
    _printf_charcount                        0x08000555   Thumb Code    42  _printf_charcount.o(.text)
    _printf_char_common                      0x0800058b   Thumb Code    32  _printf_char_common.o(.text)
    _sputc                                   0x080005b1   Thumb Code    10  _sputc.o(.text)
    _snputc                                  0x080005bb   Thumb Code    16  _snputc.o(.text)
    _printf_wctomb                           0x080005cd   Thumb Code   182  _printf_wctomb.o(.text)
    _printf_longlong_dec                     0x08000689   Thumb Code   104  _printf_longlong_dec.o(.text)
    _printf_longlong_oct                     0x08000701   Thumb Code    76  _printf_oct_int_ll.o(.text)
    _printf_int_oct                          0x0800074d   Thumb Code    24  _printf_oct_int_ll.o(.text)
    _printf_ll_oct                           0x08000765   Thumb Code    12  _printf_oct_int_ll.o(.text)
    _printf_longlong_hex                     0x08000779   Thumb Code    92  _printf_hex_int_ll_ptr.o(.text)
    _printf_int_hex                          0x080007d5   Thumb Code    28  _printf_hex_int_ll_ptr.o(.text)
    _printf_ll_hex                           0x080007f1   Thumb Code    12  _printf_hex_int_ll_ptr.o(.text)
    _printf_hex_ptr                          0x080007fd   Thumb Code    18  _printf_hex_int_ll_ptr.o(.text)
    __printf                                 0x08000815   Thumb Code   390  __printf_flags_ss_wp.o(.text)
    _ll_udiv10                               0x080009a1   Thumb Code   138  lludiv10.o(.text)
    _printf_int_common                       0x08000a2b   Thumb Code   184  _printf_intcommon.o(.text)
    __lib_sel_fp_printf                      0x08000ae3   Thumb Code     2  _printf_fp_dec.o(.text)
    _printf_fp_dec_real                      0x08000c91   Thumb Code   626  _printf_fp_dec.o(.text)
    _printf_cs_common                        0x08000f03   Thumb Code    20  _printf_char.o(.text)
    _printf_char                             0x08000f17   Thumb Code    16  _printf_char.o(.text)
    _printf_string                           0x08000f27   Thumb Code     8  _printf_char.o(.text)
    _printf_lcs_common                       0x08000f2f   Thumb Code    20  _printf_wchar.o(.text)
    _printf_wchar                            0x08000f43   Thumb Code    16  _printf_wchar.o(.text)
    _printf_wstring                          0x08000f53   Thumb Code     8  _printf_wchar.o(.text)
    _wcrtomb                                 0x08000f5b   Thumb Code    64  _wcrtomb.o(.text)
    __user_setup_stackheap                   0x08000f9b   Thumb Code    74  sys_stackheap_outer.o(.text)
    __rt_ctype_table                         0x08000fe5   Thumb Code    16  rt_ctype_table.o(.text)
    __rt_locale                              0x08000ff5   Thumb Code     8  rt_locale_intlibspace.o(.text)
    _printf_fp_infnan                        0x08000ffd   Thumb Code   112  _printf_fp_infnan.o(.text)
    exit                                     0x0800107d   Thumb Code    12  exit.o(.text)
    __user_libspace                          0x08001089   Thumb Code     8  libspace.o(.text)
    __user_perproc_libspace                  0x08001089   Thumb Code     0  libspace.o(.text)
    __user_perthread_libspace                0x08001089   Thumb Code     0  libspace.o(.text)
    __rt_fp_status_addr                      0x08001091   Thumb Code     8  rt_fp_status_addr_intlibspace.o(.text)
    _sys_exit                                0x08001099   Thumb Code     8  sys_exit.o(.text)
    __I$use$semihosting                      0x080010a5   Thumb Code     0  use_no_semi.o(.text)
    __use_no_semihosting_swi                 0x080010a5   Thumb Code     2  use_no_semi.o(.text)
    __semihosting_library_function           0x080010a7   Thumb Code     0  indicate_semi.o(.text)
    _btod_d2e                                0x080010a7   Thumb Code    62  btod.o(CL$$btod_d2e)
    BusFault_Handler                         0x080010e5   Thumb Code     2  stm32f10x_it.o(i.BusFault_Handler)
    DMA_ClearFlag                            0x080010e9   Thumb Code    16  stm32f10x_dma.o(i.DMA_ClearFlag)
    g_aucBootVersion                         0x08001100   Data          32  main.o(.ARM.__AT_0x08001100)
    _btod_etento                             0x08001121   Thumb Code   222  bigflt0.o(.text)
    _d2e_denorm_low                          0x08001205   Thumb Code    70  btod.o(CL$$btod_d2e_denorm_low)
    _d2e_norm_op1                            0x0800124b   Thumb Code    96  btod.o(CL$$btod_d2e_norm_op1)
    __btod_div_common                        0x080012ab   Thumb Code   696  btod.o(CL$$btod_div_common)
    _e2e                                     0x080015e3   Thumb Code   198  btod.o(CL$$btod_e2e)
    _btod_ediv                               0x080016a9   Thumb Code    40  btod.o(CL$$btod_ediv)
    _btod_emul                               0x080016d1   Thumb Code    40  btod.o(CL$$btod_emul)
    __btod_mult_common                       0x080016f9   Thumb Code   580  btod.o(CL$$btod_mult_common)
    DBG_Print                                0x08001ac9   Thumb Code    74  usart.o(i.DBG_Print)
    DMA_Cmd                                  0x08001b13   Thumb Code    22  stm32f10x_dma.o(i.DMA_Cmd)
    DMA_GetFlagStatus                        0x08001b29   Thumb Code    24  stm32f10x_dma.o(i.DMA_GetFlagStatus)
    DMA_Init                                 0x08001b49   Thumb Code    58  stm32f10x_dma.o(i.DMA_Init)
    DebugMon_Handler                         0x08001c41   Thumb Code     2  stm32f10x_it.o(i.DebugMon_Handler)
    EXTI15_10_IRQHandler                     0x08001c43   Thumb Code    28  main.o(i.EXTI15_10_IRQHandler)
    EXTI_ClearITPendingBit                   0x08001c61   Thumb Code     6  stm32f10x_exti.o(i.EXTI_ClearITPendingBit)
    EXTI_GetITStatus                         0x08001c6d   Thumb Code    28  stm32f10x_exti.o(i.EXTI_GetITStatus)
    FLASH_ErasePage                          0x08001c8d   Thumb Code    56  stm32f10x_flash.o(i.FLASH_ErasePage)
    FLASH_GetBank1Status                     0x08001cc9   Thumb Code    34  stm32f10x_flash.o(i.FLASH_GetBank1Status)
    FLASH_Lock                               0x08001cf1   Thumb Code    12  stm32f10x_flash.o(i.FLASH_Lock)
    FLASH_ProgramHalfWord                    0x08001d01   Thumb Code    48  stm32f10x_flash.o(i.FLASH_ProgramHalfWord)
    FLASH_Unlock                             0x08001d35   Thumb Code    12  stm32f10x_flash.o(i.FLASH_Unlock)
    FLASH_WaitForLastOperation               0x08001d4d   Thumb Code    36  stm32f10x_flash.o(i.FLASH_WaitForLastOperation)
    FlashWrite                               0x08001ea9   Thumb Code    46  stmflash.o(i.FlashWrite)
    FlashWriteNoCheck                        0x08001ed9   Thumb Code    40  stmflash.o(i.FlashWriteNoCheck)
    GPIO_Init                                0x08001f01   Thumb Code   164  stm32f10x_gpio.o(i.GPIO_Init)
    HardFault_Handler                        0x08001fa5   Thumb Code     2  stm32f10x_it.o(i.HardFault_Handler)
    MemManage_Handler                        0x080020c1   Thumb Code     2  stm32f10x_it.o(i.MemManage_Handler)
    NMI_Handler                              0x080020c3   Thumb Code     2  stm32f10x_it.o(i.NMI_Handler)
    NVIC_Init                                0x080020c5   Thumb Code    90  misc.o(i.NVIC_Init)
    NVIC_PriorityGroupConfig                 0x08002129   Thumb Code    10  misc.o(i.NVIC_PriorityGroupConfig)
    PendSV_Handler                           0x0800213d   Thumb Code     2  stm32f10x_it.o(i.PendSV_Handler)
    RCC_AHBPeriphClockCmd                    0x08002141   Thumb Code    18  stm32f10x_rcc.o(i.RCC_AHBPeriphClockCmd)
    RCC_APB2PeriphClockCmd                   0x08002159   Thumb Code    18  stm32f10x_rcc.o(i.RCC_APB2PeriphClockCmd)
    RCC_GetClocksFreq                        0x08002171   Thumb Code   138  stm32f10x_rcc.o(i.RCC_GetClocksFreq)
    SDIO_ClearFlag                           0x080022cd   Thumb Code     6  stm32f10x_sdio.o(i.SDIO_ClearFlag)
    SDIO_ClearITPendingBit                   0x080022d9   Thumb Code     6  stm32f10x_sdio.o(i.SDIO_ClearITPendingBit)
    SDIO_ClockCmd                            0x080022e5   Thumb Code     6  stm32f10x_sdio.o(i.SDIO_ClockCmd)
    SDIO_DMACmd                              0x080022f1   Thumb Code     6  stm32f10x_sdio.o(i.SDIO_DMACmd)
    SDIO_DataConfig                          0x080022fd   Thumb Code    38  stm32f10x_sdio.o(i.SDIO_DataConfig)
    SDIO_DeInit                              0x08002329   Thumb Code    26  stm32f10x_sdio.o(i.SDIO_DeInit)
    SDIO_GetCommandResponse                  0x0800234d   Thumb Code     8  stm32f10x_sdio.o(i.SDIO_GetCommandResponse)
    SDIO_GetFlagStatus                       0x08002359   Thumb Code    16  stm32f10x_sdio.o(i.SDIO_GetFlagStatus)
    SDIO_GetITStatus                         0x0800236d   Thumb Code    16  stm32f10x_sdio.o(i.SDIO_GetITStatus)
    SDIO_GetPowerState                       0x08002381   Thumb Code    10  stm32f10x_sdio.o(i.SDIO_GetPowerState)
    SDIO_GetResponse                         0x08002391   Thumb Code     6  stm32f10x_sdio.o(i.SDIO_GetResponse)
    SDIO_IRQHandler                          0x0800239d   Thumb Code     4  stm32f10x_it.o(i.SDIO_IRQHandler)
    SDIO_ITConfig                            0x080023a1   Thumb Code    18  stm32f10x_sdio.o(i.SDIO_ITConfig)
    SDIO_Init                                0x080023b9   Thumb Code    40  stm32f10x_sdio.o(i.SDIO_Init)
    SDIO_ReadData                            0x080023e5   Thumb Code     6  stm32f10x_sdio.o(i.SDIO_ReadData)
    SDIO_SendCommand                         0x080023f1   Thumb Code    34  stm32f10x_sdio.o(i.SDIO_SendCommand)
    SDIO_SetPowerState                       0x08002419   Thumb Code    18  stm32f10x_sdio.o(i.SDIO_SetPowerState)
    SDIO_WriteData                           0x08002431   Thumb Code     6  stm32f10x_sdio.o(i.SDIO_WriteData)
    SD_EnableWideBusOperation                0x0800243d   Thumb Code   112  sdio.o(i.SD_EnableWideBusOperation)
    SD_GetCardInfo                           0x080024b5   Thumb Code   612  sdio.o(i.SD_GetCardInfo)
    SD_Init                                  0x08002721   Thumb Code   118  sdio.o(i.SD_Init)
    SD_InitializeCards                       0x080027a5   Thumb Code   256  sdio.o(i.SD_InitializeCards)
    SD_NVIC_Configuration                    0x080028ad   Thumb Code    40  sdio.o(i.SD_NVIC_Configuration)
    SD_PowerON                               0x080028d5   Thumb Code   436  sdio.o(i.SD_PowerON)
    SD_ProcessIRQSrc                         0x08002a99   Thumb Code   404  sdio.o(i.SD_ProcessIRQSrc)
    SD_ReadBlock                             0x08002c31   Thumb Code   494  sdio.o(i.SD_ReadBlock)
    SD_ReadMultiBlocks                       0x08002e35   Thumb Code   580  sdio.o(i.SD_ReadMultiBlocks)
    SD_SelectDeselect                        0x0800308d   Thumb Code    40  sdio.o(i.SD_SelectDeselect)
    SD_SetDeviceMode                         0x080030b9   Thumb Code    24  sdio.o(i.SD_SetDeviceMode)
    SD_StopTransfer                          0x080030d5   Thumb Code    36  sdio.o(i.SD_StopTransfer)
    SD_WriteBlock                            0x080030fd   Thumb Code   688  sdio.o(i.SD_WriteBlock)
    SD_WriteMultiBlocks                      0x080033c1   Thumb Code   784  sdio.o(i.SD_WriteMultiBlocks)
    SVC_Handler                              0x080036e5   Thumb Code     2  stm32f10x_it.o(i.SVC_Handler)
    SysTick_Handler                          0x0800377d   Thumb Code     2  stm32f10x_it.o(i.SysTick_Handler)
    SystemInit                               0x08003781   Thumb Code    64  system_stm32f10x.o(i.SystemInit)
    Test_SDCard                              0x080037d1   Thumb Code    64  sdio.o(i.Test_SDCard)
    USART1_IRQHandler                        0x0800382d   Thumb Code     2  stm32f10x_it.o(i.USART1_IRQHandler)
    USART_Cmd                                0x0800382f   Thumb Code    20  stm32f10x_usart.o(i.USART_Cmd)
    USART_Configuration                      0x08003845   Thumb Code   146  usart.o(i.USART_Configuration)
    USART_GetFlagStatus                      0x080038e1   Thumb Code    14  stm32f10x_usart.o(i.USART_GetFlagStatus)
    USART_ITConfig                           0x080038ef   Thumb Code    48  stm32f10x_usart.o(i.USART_ITConfig)
    USART_Init                               0x08003921   Thumb Code   176  stm32f10x_usart.o(i.USART_Init)
    USART_SendData                           0x080039d5   Thumb Code     8  stm32f10x_usart.o(i.USART_SendData)
    UsageFault_Handler                       0x080039dd   Thumb Code     2  stm32f10x_it.o(i.UsageFault_Handler)
    Usart1_PutChar                           0x080039e1   Thumb Code    26  usart.o(i.Usart1_PutChar)
    Usart1_PutStr                            0x08003a01   Thumb Code    22  usart.o(i.Usart1_PutStr)
    __ARM_fpclassify                         0x08003a17   Thumb Code    40  fpclassify.o(i.__ARM_fpclassify)
    _is_digit                                0x08003a3f   Thumb Code    14  __printf_wp.o(i._is_digit)
    disk_initialize                          0x08004033   Thumb Code    26  diskio.o(i.disk_initialize)
    disk_ioctl                               0x0800404d   Thumb Code     4  diskio.o(i.disk_ioctl)
    disk_read                                0x08004051   Thumb Code    28  diskio.o(i.disk_read)
    disk_status                              0x0800406d   Thumb Code    20  diskio.o(i.disk_status)
    disk_write                               0x08004081   Thumb Code    28  diskio.o(i.disk_write)
    f_close                                  0x0800409d   Thumb Code    18  ff.o(i.f_close)
    f_lseek                                  0x080040af   Thumb Code   320  ff.o(i.f_lseek)
    f_mount                                  0x080041f1   Thumb Code    26  ff.o(i.f_mount)
    f_open                                   0x08004211   Thumb Code   330  ff.o(i.f_open)
    f_read                                   0x0800435b   Thumb Code   350  ff.o(i.f_read)
    f_sync                                   0x080044b9   Thumb Code   164  ff.o(i.f_sync)
    get_fattime                              0x080046b5   Thumb Code     4  diskio.o(i.get_fattime)
    iap_load_app                             0x080046b9   Thumb Code    22  iap.o(i.iap_load_app)
    main                                     0x080046d5   Thumb Code   304  main.o(i.main)
    _get_lc_numeric                          0x08004bbd   Thumb Code    44  lc_numeric_c.o(locale$$code)
    _get_lc_ctype                            0x08004be9   Thumb Code    44  lc_ctype_c.o(locale$$code)
    _fp_init                                 0x08004c15   Thumb Code    14  fpinit.o(x$fpl$fpinit)
    __fplib_config_pureend_doubles           0x08004c21   Thumb Code     0  fpinit.o(x$fpl$fpinit)
    _printf_fp_dec                           0x08004c23   Thumb Code     4  printf1.o(x$fpl$printf1)
    __I$use$fp                               0x08004c27   Thumb Code     0  usenofp.o(x$fpl$usenofp)
    Region$$Table$$Base                      0x08004d04   Number         0  anon$$obj.o(Region$$Table)
    Region$$Table$$Limit                     0x08004d24   Number         0  anon$$obj.o(Region$$Table)
    __ctype                                  0x08004d4d   Data           0  lc_ctype_c.o(locale$$data)
    res                                      0x20000000   Data           1  main.o(.data)
    TransferError                            0x20000004   Data           1  sdio.o(.data)
    TransferEnd                              0x2000001c   Data           4  sdio.o(.data)
    NumberOfBytes                            0x20000020   Data           4  sdio.o(.data)
    SrcBuffer                                0x20000024   Data           4  sdio.o(.data)
    DestBuffer                               0x20000028   Data           4  sdio.o(.data)
    jump2app                                 0x2000002c   Data           4  iap.o(.data)
    ReadAppBuffer                            0x2000004c   Data        2048  main.o(.bss)
    fs                                       0x2000084c   Data        1128  main.o(.bss)
    fsrc                                     0x20000cb4   Data         548  main.o(.bss)
    SDIO_InitStructure                       0x20000ef8   Data          24  sdio.o(.bss)
    SDIO_CmdInitStructure                    0x20000f10   Data          20  sdio.o(.bss)
    SDIO_DataInitStructure                   0x20000f24   Data          24  sdio.o(.bss)
    __libspace_start                         0x20000f3c   Data          96  libspace.o(.bss)
    __temporary_stack_top$libspace           0x20000f9c   Data           0  libspace.o(.bss)



==============================================================================

Memory Map of the image

  Image Entry point : 0x08000131

  Load Region LR_IROM1 (Base: 0x08000000, Size: 0x00004e9c, Max: 0x00006000, ABSOLUTE)

    Execution Region ER_IROM1 (Base: 0x08000000, Size: 0x00004e50, Max: 0x00006000, ABSOLUTE)

    Base Addr    Size         Type   Attr      Idx    E Section Name        Object

    0x08000000   0x00000130   Data   RO         1761    RESET               startup_stm32f10x_hd.o
    0x08000130   0x00000008   Code   RO         1807  * !!!main             c_w.l(__main.o)
    0x08000138   0x00000034   Code   RO         2119    !!!scatter          c_w.l(__scatter.o)
    0x0800016c   0x0000001a   Code   RO         2121    !!handler_copy      c_w.l(__scatter_copy.o)
    0x08000186   0x00000002   PAD
    0x08000188   0x0000001c   Code   RO         2123    !!handler_zi        c_w.l(__scatter_zi.o)
    0x080001a4   0x00000000   Code   RO         1893    .ARM.Collect$$_printf_percent$$00000000  c_w.l(_printf_percent.o)
    0x080001a4   0x00000006   Code   RO         1882    .ARM.Collect$$_printf_percent$$00000001  c_w.l(_printf_n.o)
    0x080001aa   0x00000006   Code   RO         1884    .ARM.Collect$$_printf_percent$$00000002  c_w.l(_printf_p.o)
    0x080001b0   0x00000006   Code   RO         1889    .ARM.Collect$$_printf_percent$$00000003  c_w.l(_printf_f.o)
    0x080001b6   0x00000006   Code   RO         1890    .ARM.Collect$$_printf_percent$$00000004  c_w.l(_printf_e.o)
    0x080001bc   0x00000006   Code   RO         1891    .ARM.Collect$$_printf_percent$$00000005  c_w.l(_printf_g.o)
    0x080001c2   0x00000006   Code   RO         1892    .ARM.Collect$$_printf_percent$$00000006  c_w.l(_printf_a.o)
    0x080001c8   0x0000000a   Code   RO         1897    .ARM.Collect$$_printf_percent$$00000007  c_w.l(_printf_ll.o)
    0x080001d2   0x00000006   Code   RO         1886    .ARM.Collect$$_printf_percent$$00000008  c_w.l(_printf_i.o)
    0x080001d8   0x00000006   Code   RO         1887    .ARM.Collect$$_printf_percent$$00000009  c_w.l(_printf_d.o)
    0x080001de   0x00000006   Code   RO         1888    .ARM.Collect$$_printf_percent$$0000000A  c_w.l(_printf_u.o)
    0x080001e4   0x00000006   Code   RO         1885    .ARM.Collect$$_printf_percent$$0000000B  c_w.l(_printf_o.o)
    0x080001ea   0x00000006   Code   RO         1883    .ARM.Collect$$_printf_percent$$0000000C  c_w.l(_printf_x.o)
    0x080001f0   0x00000006   Code   RO         1894    .ARM.Collect$$_printf_percent$$0000000D  c_w.l(_printf_lli.o)
    0x080001f6   0x00000006   Code   RO         1895    .ARM.Collect$$_printf_percent$$0000000E  c_w.l(_printf_lld.o)
    0x080001fc   0x00000006   Code   RO         1896    .ARM.Collect$$_printf_percent$$0000000F  c_w.l(_printf_llu.o)
    0x08000202   0x00000006   Code   RO         1901    .ARM.Collect$$_printf_percent$$00000010  c_w.l(_printf_llo.o)
    0x08000208   0x00000006   Code   RO         1902    .ARM.Collect$$_printf_percent$$00000011  c_w.l(_printf_llx.o)
    0x0800020e   0x0000000a   Code   RO         1898    .ARM.Collect$$_printf_percent$$00000012  c_w.l(_printf_l.o)
    0x08000218   0x00000006   Code   RO         1880    .ARM.Collect$$_printf_percent$$00000013  c_w.l(_printf_c.o)
    0x0800021e   0x00000006   Code   RO         1881    .ARM.Collect$$_printf_percent$$00000014  c_w.l(_printf_s.o)
    0x08000224   0x00000006   Code   RO         1899    .ARM.Collect$$_printf_percent$$00000015  c_w.l(_printf_lc.o)
    0x0800022a   0x00000006   Code   RO         1900    .ARM.Collect$$_printf_percent$$00000016  c_w.l(_printf_ls.o)
    0x08000230   0x00000004   Code   RO         1932    .ARM.Collect$$_printf_percent$$00000017  c_w.l(_printf_percent_end.o)
    0x08000234   0x00000006   Code   RO         1981    .ARM.Collect$$libinit$$00000000  c_w.l(libinit.o)
    0x0800023a   0x00000000   Code   RO         1997    .ARM.Collect$$libinit$$00000006  c_w.l(libinit2.o)
    0x0800023a   0x00000000   Code   RO         1999    .ARM.Collect$$libinit$$00000008  c_w.l(libinit2.o)
    0x0800023a   0x00000000   Code   RO         2001    .ARM.Collect$$libinit$$0000000A  c_w.l(libinit2.o)
    0x0800023a   0x00000006   Code   RO         2002    .ARM.Collect$$libinit$$0000000B  c_w.l(libinit2.o)
    0x08000240   0x00000000   Code   RO         2004    .ARM.Collect$$libinit$$0000000D  c_w.l(libinit2.o)
    0x08000240   0x0000000c   Code   RO         2005    .ARM.Collect$$libinit$$0000000E  c_w.l(libinit2.o)
    0x0800024c   0x00000000   Code   RO         2006    .ARM.Collect$$libinit$$0000000F  c_w.l(libinit2.o)
    0x0800024c   0x00000000   Code   RO         2008    .ARM.Collect$$libinit$$00000011  c_w.l(libinit2.o)
    0x0800024c   0x0000000a   Code   RO         2009    .ARM.Collect$$libinit$$00000012  c_w.l(libinit2.o)
    0x08000256   0x00000000   Code   RO         2010    .ARM.Collect$$libinit$$00000013  c_w.l(libinit2.o)
    0x08000256   0x00000000   Code   RO         2012    .ARM.Collect$$libinit$$00000015  c_w.l(libinit2.o)
    0x08000256   0x00000000   Code   RO         2014    .ARM.Collect$$libinit$$00000017  c_w.l(libinit2.o)
    0x08000256   0x00000000   Code   RO         2016    .ARM.Collect$$libinit$$00000019  c_w.l(libinit2.o)
    0x08000256   0x00000000   Code   RO         2018    .ARM.Collect$$libinit$$0000001B  c_w.l(libinit2.o)
    0x08000256   0x00000000   Code   RO         2020    .ARM.Collect$$libinit$$0000001D  c_w.l(libinit2.o)
    0x08000256   0x00000000   Code   RO         2022    .ARM.Collect$$libinit$$0000001F  c_w.l(libinit2.o)
    0x08000256   0x00000000   Code   RO         2024    .ARM.Collect$$libinit$$00000021  c_w.l(libinit2.o)
    0x08000256   0x00000000   Code   RO         2028    .ARM.Collect$$libinit$$00000028  c_w.l(libinit2.o)
    0x08000256   0x00000000   Code   RO         2030    .ARM.Collect$$libinit$$0000002A  c_w.l(libinit2.o)
    0x08000256   0x00000000   Code   RO         2032    .ARM.Collect$$libinit$$0000002C  c_w.l(libinit2.o)
    0x08000256   0x00000000   Code   RO         2034    .ARM.Collect$$libinit$$0000002E  c_w.l(libinit2.o)
    0x08000256   0x00000002   Code   RO         2035    .ARM.Collect$$libinit$$0000002F  c_w.l(libinit2.o)
    0x08000258   0x00000002   Code   RO         2060    .ARM.Collect$$libshutdown$$00000000  c_w.l(libshutdown.o)
    0x0800025a   0x00000000   Code   RO         2074    .ARM.Collect$$libshutdown$$00000003  c_w.l(libshutdown2.o)
    0x0800025a   0x00000000   Code   RO         2077    .ARM.Collect$$libshutdown$$00000006  c_w.l(libshutdown2.o)
    0x0800025a   0x00000000   Code   RO         2080    .ARM.Collect$$libshutdown$$00000009  c_w.l(libshutdown2.o)
    0x0800025a   0x00000000   Code   RO         2082    .ARM.Collect$$libshutdown$$0000000B  c_w.l(libshutdown2.o)
    0x0800025a   0x00000000   Code   RO         2085    .ARM.Collect$$libshutdown$$0000000E  c_w.l(libshutdown2.o)
    0x0800025a   0x00000002   Code   RO         2086    .ARM.Collect$$libshutdown$$0000000F  c_w.l(libshutdown2.o)
    0x0800025c   0x00000000   Code   RO         1809    .ARM.Collect$$rtentry$$00000000  c_w.l(rtentry.o)
    0x0800025c   0x00000000   Code   RO         1906    .ARM.Collect$$rtentry$$00000002  c_w.l(rtentry2.o)
    0x0800025c   0x00000006   Code   RO         1918    .ARM.Collect$$rtentry$$00000004  c_w.l(rtentry4.o)
    0x08000262   0x00000000   Code   RO         1908    .ARM.Collect$$rtentry$$00000009  c_w.l(rtentry2.o)
    0x08000262   0x00000004   Code   RO         1909    .ARM.Collect$$rtentry$$0000000A  c_w.l(rtentry2.o)
    0x08000266   0x00000000   Code   RO         1911    .ARM.Collect$$rtentry$$0000000C  c_w.l(rtentry2.o)
    0x08000266   0x00000008   Code   RO         1912    .ARM.Collect$$rtentry$$0000000D  c_w.l(rtentry2.o)
    0x0800026e   0x00000002   Code   RO         1990    .ARM.Collect$$rtexit$$00000000  c_w.l(rtexit.o)
    0x08000270   0x00000000   Code   RO         2039    .ARM.Collect$$rtexit$$00000002  c_w.l(rtexit2.o)
    0x08000270   0x00000004   Code   RO         2040    .ARM.Collect$$rtexit$$00000003  c_w.l(rtexit2.o)
    0x08000274   0x00000006   Code   RO         2041    .ARM.Collect$$rtexit$$00000004  c_w.l(rtexit2.o)
    0x0800027a   0x00000002   PAD
    0x0800027c   0x00000006   Code   RO          424    .emb_text           iap.o
    0x08000282   0x00000002   PAD
    0x08000284   0x00000040   Code   RO         1762    .text               startup_stm32f10x_hd.o
    0x080002c4   0x00000034   Code   RO         1797    .text               c_w.l(c89vsnprintf.o)
    0x080002f8   0x00000044   Code   RO         1799    .text               c_w.l(rt_memclr.o)
    0x0800033c   0x0000004e   Code   RO         1801    .text               c_w.l(rt_memclr_w.o)
    0x0800038a   0x00000002   PAD
    0x0800038c   0x00000080   Code   RO         1803    .text               c_w.l(strcmpv7m.o)
    0x0800040c   0x00000006   Code   RO         1805    .text               c_w.l(heapauxi.o)
    0x08000412   0x00000052   Code   RO         1812    .text               c_w.l(_printf_pad.o)
    0x08000464   0x00000024   Code   RO         1814    .text               c_w.l(_printf_truncate.o)
    0x08000488   0x00000052   Code   RO         1816    .text               c_w.l(_printf_str.o)
    0x080004da   0x00000002   PAD
    0x080004dc   0x00000078   Code   RO         1818    .text               c_w.l(_printf_dec.o)
    0x08000554   0x0000002a   Code   RO         1820    .text               c_w.l(_printf_charcount.o)
    0x0800057e   0x00000002   PAD
    0x08000580   0x00000030   Code   RO         1822    .text               c_w.l(_printf_char_common.o)
    0x080005b0   0x0000000a   Code   RO         1824    .text               c_w.l(_sputc.o)
    0x080005ba   0x00000010   Code   RO         1826    .text               c_w.l(_snputc.o)
    0x080005ca   0x00000002   PAD
    0x080005cc   0x000000bc   Code   RO         1828    .text               c_w.l(_printf_wctomb.o)
    0x08000688   0x00000078   Code   RO         1831    .text               c_w.l(_printf_longlong_dec.o)
    0x08000700   0x00000078   Code   RO         1837    .text               c_w.l(_printf_oct_int_ll.o)
    0x08000778   0x0000009c   Code   RO         1857    .text               c_w.l(_printf_hex_int_ll_ptr.o)
    0x08000814   0x0000018c   Code   RO         1877    .text               c_w.l(__printf_flags_ss_wp.o)
    0x080009a0   0x0000008a   Code   RO         1920    .text               c_w.l(lludiv10.o)
    0x08000a2a   0x000000b8   Code   RO         1922    .text               c_w.l(_printf_intcommon.o)
    0x08000ae2   0x00000420   Code   RO         1924    .text               c_w.l(_printf_fp_dec.o)
    0x08000f02   0x0000002c   Code   RO         1928    .text               c_w.l(_printf_char.o)
    0x08000f2e   0x0000002c   Code   RO         1930    .text               c_w.l(_printf_wchar.o)
    0x08000f5a   0x00000040   Code   RO         1933    .text               c_w.l(_wcrtomb.o)
    0x08000f9a   0x0000004a   Code   RO         1935    .text               c_w.l(sys_stackheap_outer.o)
    0x08000fe4   0x00000010   Code   RO         1937    .text               c_w.l(rt_ctype_table.o)
    0x08000ff4   0x00000008   Code   RO         1942    .text               c_w.l(rt_locale_intlibspace.o)
    0x08000ffc   0x00000080   Code   RO         1944    .text               c_w.l(_printf_fp_infnan.o)
    0x0800107c   0x0000000c   Code   RO         1974    .text               c_w.l(exit.o)
    0x08001088   0x00000008   Code   RO         1987    .text               c_w.l(libspace.o)
    0x08001090   0x00000008   Code   RO         2048    .text               c_w.l(rt_fp_status_addr_intlibspace.o)
    0x08001098   0x0000000c   Code   RO         2052    .text               c_w.l(sys_exit.o)
    0x080010a4   0x00000002   Code   RO         2063    .text               c_w.l(use_no_semi.o)
    0x080010a6   0x00000000   Code   RO         2065    .text               c_w.l(indicate_semi.o)
    0x080010a6   0x0000003e   Code   RO         1949    CL$$btod_d2e        c_w.l(btod.o)
    0x080010e4   0x00000002   Code   RO          103    i.BusFault_Handler  stm32f10x_it.o
    0x080010e6   0x00000002   PAD
    0x080010e8   0x00000018   Code   RO          735    i.DMA_ClearFlag     stm32f10x_dma.o
    0x08001100   0x00000020   Data   RO            3    .ARM.__AT_0x08001100  main.o
    0x08001120   0x000000e4   Code   RO         1946    .text               c_w.l(bigflt0.o)
    0x08001204   0x00000046   Code   RO         1951    CL$$btod_d2e_denorm_low  c_w.l(btod.o)
    0x0800124a   0x00000060   Code   RO         1950    CL$$btod_d2e_norm_op1  c_w.l(btod.o)
    0x080012aa   0x00000338   Code   RO         1959    CL$$btod_div_common  c_w.l(btod.o)
    0x080015e2   0x000000c6   Code   RO         1956    CL$$btod_e2e        c_w.l(btod.o)
    0x080016a8   0x00000028   Code   RO         1953    CL$$btod_ediv       c_w.l(btod.o)
    0x080016d0   0x00000028   Code   RO         1952    CL$$btod_emul       c_w.l(btod.o)
    0x080016f8   0x00000244   Code   RO         1958    CL$$btod_mult_common  c_w.l(btod.o)
    0x0800193c   0x000000e8   Code   RO          200    i.CmdResp1Error     sdio.o
    0x08001a24   0x00000034   Code   RO          201    i.CmdResp2Error     sdio.o
    0x08001a58   0x00000070   Code   RO          202    i.CmdResp6Error     sdio.o
    0x08001ac8   0x0000004a   Code   RO          375    i.DBG_Print         usart.o
    0x08001b12   0x00000016   Code   RO          737    i.DMA_Cmd           stm32f10x_dma.o
    0x08001b28   0x00000020   Code   RO          740    i.DMA_GetFlagStatus  stm32f10x_dma.o
    0x08001b48   0x0000003a   Code   RO          743    i.DMA_Init          stm32f10x_dma.o
    0x08001b82   0x00000002   PAD
    0x08001b84   0x0000005c   Code   RO          203    i.DMA_RxConfiguration  sdio.o
    0x08001be0   0x00000060   Code   RO          204    i.DMA_TxConfiguration  sdio.o
    0x08001c40   0x00000002   Code   RO          104    i.DebugMon_Handler  stm32f10x_it.o
    0x08001c42   0x0000001c   Code   RO            1    i.EXTI15_10_IRQHandler  main.o
    0x08001c5e   0x00000002   PAD
    0x08001c60   0x0000000c   Code   RO          808    i.EXTI_ClearITPendingBit  stm32f10x_exti.o
    0x08001c6c   0x00000020   Code   RO          812    i.EXTI_GetITStatus  stm32f10x_exti.o
    0x08001c8c   0x0000003c   Code   RO         1546    i.FLASH_ErasePage   stm32f10x_flash.o
    0x08001cc8   0x00000028   Code   RO         1547    i.FLASH_GetBank1Status  stm32f10x_flash.o
    0x08001cf0   0x00000010   Code   RO         1556    i.FLASH_Lock        stm32f10x_flash.o
    0x08001d00   0x00000034   Code   RO         1559    i.FLASH_ProgramHalfWord  stm32f10x_flash.o
    0x08001d34   0x00000018   Code   RO         1564    i.FLASH_Unlock      stm32f10x_flash.o
    0x08001d4c   0x00000024   Code   RO         1568    i.FLASH_WaitForLastOperation  stm32f10x_flash.o
    0x08001d70   0x00000138   Code   RO          205    i.FindSCR           sdio.o
    0x08001ea8   0x0000002e   Code   RO          446    i.FlashWrite        stmflash.o
    0x08001ed6   0x00000002   PAD
    0x08001ed8   0x00000028   Code   RO          447    i.FlashWriteNoCheck  stmflash.o
    0x08001f00   0x000000a4   Code   RO          867    i.GPIO_Init         stm32f10x_gpio.o
    0x08001fa4   0x00000002   Code   RO          105    i.HardFault_Handler  stm32f10x_it.o
    0x08001fa6   0x00000002   PAD
    0x08001fa8   0x00000118   Code   RO          206    i.IsCardProgramming  sdio.o
    0x080020c0   0x00000002   Code   RO          106    i.MemManage_Handler  stm32f10x_it.o
    0x080020c2   0x00000002   Code   RO          107    i.NMI_Handler       stm32f10x_it.o
    0x080020c4   0x00000064   Code   RO         1713    i.NVIC_Init         misc.o
    0x08002128   0x00000014   Code   RO         1714    i.NVIC_PriorityGroupConfig  misc.o
    0x0800213c   0x00000002   Code   RO          108    i.PendSV_Handler    stm32f10x_it.o
    0x0800213e   0x00000002   PAD
    0x08002140   0x00000018   Code   RO          976    i.RCC_AHBPeriphClockCmd  stm32f10x_rcc.o
    0x08002158   0x00000018   Code   RO          979    i.RCC_APB2PeriphClockCmd  stm32f10x_rcc.o
    0x08002170   0x0000009c   Code   RO          987    i.RCC_GetClocksFreq  stm32f10x_rcc.o
    0x0800220c   0x000000c0   Code   RO          207    i.SDEnWideBus       sdio.o
    0x080022cc   0x0000000c   Code   RO         1176    i.SDIO_ClearFlag    stm32f10x_sdio.o
    0x080022d8   0x0000000c   Code   RO         1177    i.SDIO_ClearITPendingBit  stm32f10x_sdio.o
    0x080022e4   0x0000000c   Code   RO         1178    i.SDIO_ClockCmd     stm32f10x_sdio.o
    0x080022f0   0x0000000c   Code   RO         1181    i.SDIO_DMACmd       stm32f10x_sdio.o
    0x080022fc   0x0000002c   Code   RO         1182    i.SDIO_DataConfig   stm32f10x_sdio.o
    0x08002328   0x00000024   Code   RO         1184    i.SDIO_DeInit       stm32f10x_sdio.o
    0x0800234c   0x0000000c   Code   RO         1185    i.SDIO_GetCommandResponse  stm32f10x_sdio.o
    0x08002358   0x00000014   Code   RO         1188    i.SDIO_GetFlagStatus  stm32f10x_sdio.o
    0x0800236c   0x00000014   Code   RO         1189    i.SDIO_GetITStatus  stm32f10x_sdio.o
    0x08002380   0x00000010   Code   RO         1190    i.SDIO_GetPowerState  stm32f10x_sdio.o
    0x08002390   0x0000000c   Code   RO         1191    i.SDIO_GetResponse  stm32f10x_sdio.o
    0x0800239c   0x00000004   Code   RO          109    i.SDIO_IRQHandler   stm32f10x_it.o
    0x080023a0   0x00000018   Code   RO         1192    i.SDIO_ITConfig     stm32f10x_sdio.o
    0x080023b8   0x0000002c   Code   RO         1193    i.SDIO_Init         stm32f10x_sdio.o
    0x080023e4   0x0000000c   Code   RO         1194    i.SDIO_ReadData     stm32f10x_sdio.o
    0x080023f0   0x00000028   Code   RO         1196    i.SDIO_SendCommand  stm32f10x_sdio.o
    0x08002418   0x00000018   Code   RO         1198    i.SDIO_SetPowerState  stm32f10x_sdio.o
    0x08002430   0x0000000c   Code   RO         1204    i.SDIO_WriteData    stm32f10x_sdio.o
    0x0800243c   0x00000078   Code   RO          208    i.SD_EnableWideBusOperation  sdio.o
    0x080024b4   0x0000026c   Code   RO          210    i.SD_GetCardInfo    sdio.o
    0x08002720   0x00000084   Code   RO          212    i.SD_Init           sdio.o
    0x080027a4   0x00000108   Code   RO          213    i.SD_InitializeCards  sdio.o
    0x080028ac   0x00000028   Code   RO          214    i.SD_NVIC_Configuration  sdio.o
    0x080028d4   0x000001c4   Code   RO          216    i.SD_PowerON        sdio.o
    0x08002a98   0x00000198   Code   RO          217    i.SD_ProcessIRQSrc  sdio.o
    0x08002c30   0x00000204   Code   RO          218    i.SD_ReadBlock      sdio.o
    0x08002e34   0x00000258   Code   RO          219    i.SD_ReadMultiBlocks  sdio.o
    0x0800308c   0x0000002c   Code   RO          220    i.SD_SelectDeselect  sdio.o
    0x080030b8   0x0000001c   Code   RO          223    i.SD_SetDeviceMode  sdio.o
    0x080030d4   0x00000028   Code   RO          224    i.SD_StopTransfer   sdio.o
    0x080030fc   0x000002c4   Code   RO          225    i.SD_WriteBlock     sdio.o
    0x080033c0   0x00000324   Code   RO          226    i.SD_WriteMultiBlocks  sdio.o
    0x080036e4   0x00000002   Code   RO          110    i.SVC_Handler       stm32f10x_it.o
    0x080036e6   0x00000002   PAD
    0x080036e8   0x00000094   Code   RO         1766    i.SetSysClockTo72   system_stm32f10x.o
    0x0800377c   0x00000002   Code   RO          111    i.SysTick_Handler   stm32f10x_it.o
    0x0800377e   0x00000002   PAD
    0x08003780   0x00000050   Code   RO         1768    i.SystemInit        system_stm32f10x.o
    0x080037d0   0x0000005c   Code   RO          227    i.Test_SDCard       sdio.o
    0x0800382c   0x00000002   Code   RO          112    i.USART1_IRQHandler  stm32f10x_it.o
    0x0800382e   0x00000014   Code   RO         1365    i.USART_Cmd         stm32f10x_usart.o
    0x08003842   0x00000002   PAD
    0x08003844   0x0000009c   Code   RO          377    i.USART_Configuration  usart.o
    0x080038e0   0x0000000e   Code   RO         1368    i.USART_GetFlagStatus  stm32f10x_usart.o
    0x080038ee   0x00000030   Code   RO         1371    i.USART_ITConfig    stm32f10x_usart.o
    0x0800391e   0x00000002   PAD
    0x08003920   0x000000b4   Code   RO         1372    i.USART_Init        stm32f10x_usart.o
    0x080039d4   0x00000008   Code   RO         1382    i.USART_SendData    stm32f10x_usart.o
    0x080039dc   0x00000002   Code   RO          113    i.UsageFault_Handler  stm32f10x_it.o
    0x080039de   0x00000002   PAD
    0x080039e0   0x00000020   Code   RO          378    i.Usart1_PutChar    usart.o
    0x08003a00   0x00000016   Code   RO          379    i.Usart1_PutStr     usart.o
    0x08003a16   0x00000028   Code   RO         1985    i.__ARM_fpclassify  m_ws.l(fpclassify.o)
    0x08003a3e   0x0000000e   Code   RO         1870    i._is_digit         c_w.l(__printf_wp.o)
    0x08003a4c   0x000001d0   Code   RO          519    i.auto_mount        ff.o
    0x08003c1c   0x0000005c   Code   RO          520    i.check_fs          ff.o
    0x08003c78   0x00000018   Code   RO          521    i.clust2sect        ff.o
    0x08003c90   0x00000012   Code   RO          228    i.convert_from_bytes_to_power_of_two  sdio.o
    0x08003ca2   0x00000096   Code   RO          522    i.create_chain      ff.o
    0x08003d38   0x00000128   Code   RO          523    i.create_name       ff.o
    0x08003e60   0x000000ee   Code   RO          524    i.dir_next          ff.o
    0x08003f4e   0x00000066   Code   RO          526    i.dir_register      ff.o
    0x08003fb4   0x0000007e   Code   RO          528    i.dir_seek          ff.o
    0x08004032   0x0000001a   Code   RO          476    i.disk_initialize   diskio.o
    0x0800404c   0x00000004   Code   RO          477    i.disk_ioctl        diskio.o
    0x08004050   0x0000001c   Code   RO          478    i.disk_read         diskio.o
    0x0800406c   0x00000014   Code   RO          479    i.disk_status       diskio.o
    0x08004080   0x0000001c   Code   RO          480    i.disk_write        diskio.o
    0x0800409c   0x00000012   Code   RO          530    i.f_close           ff.o
    0x080040ae   0x00000140   Code   RO          532    i.f_lseek           ff.o
    0x080041ee   0x00000002   PAD
    0x080041f0   0x00000020   Code   RO          534    i.f_mount           ff.o
    0x08004210   0x0000014a   Code   RO          535    i.f_open            ff.o
    0x0800435a   0x0000015e   Code   RO          537    i.f_read            ff.o
    0x080044b8   0x000000a4   Code   RO          541    i.f_sync            ff.o
    0x0800455c   0x000000a4   Code   RO          546    i.follow_path       ff.o
    0x08004600   0x000000b4   Code   RO          547    i.get_fat           ff.o
    0x080046b4   0x00000004   Code   RO          481    i.get_fattime       diskio.o
    0x080046b8   0x0000001c   Code   RO          425    i.iap_load_app      iap.o
    0x080046d4   0x0000021c   Code   RO            2    i.main              main.o
    0x080048f0   0x00000018   Code   RO          549    i.mem_cmp           ff.o
    0x08004908   0x00000012   Code   RO          550    i.mem_cpy           ff.o
    0x0800491a   0x0000000e   Code   RO          551    i.mem_set           ff.o
    0x08004928   0x0000006a   Code   RO          552    i.move_window       ff.o
    0x08004992   0x000000f0   Code   RO          553    i.put_fat           ff.o
    0x08004a82   0x00000062   Code   RO          554    i.remove_chain      ff.o
    0x08004ae4   0x000000b8   Code   RO          555    i.sync              ff.o
    0x08004b9c   0x00000020   Code   RO          556    i.validate          ff.o
    0x08004bbc   0x0000002c   Code   RO         1972    locale$$code        c_w.l(lc_numeric_c.o)
    0x08004be8   0x0000002c   Code   RO         1993    locale$$code        c_w.l(lc_ctype_c.o)
    0x08004c14   0x0000000e   Code   RO         2036    x$fpl$fpinit        fz_ws.l(fpinit.o)
    0x08004c22   0x00000004   Code   RO         1903    x$fpl$printf1       fz_ws.l(printf1.o)
    0x08004c26   0x00000000   Code   RO         1984    x$fpl$usenofp       fz_ws.l(usenofp.o)
    0x08004c26   0x00000004   Data   RO          557    .constdata          ff.o
    0x08004c2a   0x00000002   PAD
    0x08004c2c   0x00000008   Data   RO         1829    .constdata          c_w.l(_printf_wctomb.o)
    0x08004c34   0x00000028   Data   RO         1858    .constdata          c_w.l(_printf_hex_int_ll_ptr.o)
    0x08004c5c   0x00000011   Data   RO         1878    .constdata          c_w.l(__printf_flags_ss_wp.o)
    0x08004c6d   0x00000003   PAD
    0x08004c70   0x00000094   Data   RO         1947    .constdata          c_w.l(bigflt0.o)
    0x08004d04   0x00000020   Data   RO         2117    Region$$Table       anon$$obj.o
    0x08004d24   0x0000001c   Data   RO         1971    locale$$data        c_w.l(lc_numeric_c.o)
    0x08004d40   0x00000110   Data   RO         1992    locale$$data        c_w.l(lc_ctype_c.o)


    Execution Region RW_IRAM1 (Base: 0x20000000, Size: 0x000015a0, Max: 0x00010000, ABSOLUTE)

    Base Addr    Size         Type   Attr      Idx    E Section Name        Object

    0x20000000   0x00000001   Data   RW            6    .data               main.o
    0x20000001   0x00000003   PAD
    0x20000004   0x00000028   Data   RW          230    .data               sdio.o
    0x2000002c   0x00000004   Data   RW          426    .data               iap.o
    0x20000030   0x00000008   Data   RW          558    .data               ff.o
    0x20000038   0x00000014   Data   RW         1007    .data               stm32f10x_rcc.o
    0x2000004c   0x00000e8c   Zero   RW            4    .bss                main.o
    0x20000ed8   0x00000064   Zero   RW          229    .bss                sdio.o
    0x20000f3c   0x00000060   Zero   RW         1988    .bss                c_w.l(libspace.o)
    0x20000f9c   0x00000004   PAD
    0x20000fa0   0x00000200   Zero   RW         1760    HEAP                startup_stm32f10x_hd.o
    0x200011a0   0x00000400   Zero   RW         1759    STACK               startup_stm32f10x_hd.o


==============================================================================

Image component sizes


      Code (inc. data)   RO Data    RW Data    ZI Data      Debug   Object Name

       110          0          0          0          0       3285   diskio.o
      3766         40          4          8          0      18665   ff.o
        34          6          0          4          0        922   iap.o
       568        236         32          1       3724     269834   main.o
       120         20          0          0          0       1255   misc.o
      6254        266          0         40        100      24336   sdio.o
        64         26        304          0       1536        744   startup_stm32f10x_hd.o
       136         16          0          0          0       3545   stm32f10x_dma.o
        44         10          0          0          0       1020   stm32f10x_exti.o
       228         30          0          0          0       4735   stm32f10x_flash.o
       164          0          0          0          0       1676   stm32f10x_gpio.o
        24          0          0          0          0       4084   stm32f10x_it.o
       204         30          0         20          0       4085   stm32f10x_rcc.o
       364         98          0          0          0       9423   stm32f10x_sdio.o
       270          4          0          0          0       4429   stm32f10x_usart.o
        86          0          0          0          0       1563   stmflash.o
       228         26          0          0          0       1377   system_stm32f10x.o
       284         16          0          0          0       2999   usart.o

    ----------------------------------------------------------------------
     12974        824        374         76       5360     357977   Object Totals
         0          0         32          0          0          0   (incl. Generated)
        26          0          2          3          0          0   (incl. Padding)

    ----------------------------------------------------------------------

      Code (inc. data)   RO Data    RW Data    ZI Data      Debug   Library Member Name

         8          0          0          0          0         68   __main.o
       396          6         17          0          0         92   __printf_flags_ss_wp.o
        14          0          0          0          0         68   __printf_wp.o
        52          8          0          0          0          0   __scatter.o
        26          0          0          0          0          0   __scatter_copy.o
        28          0          0          0          0          0   __scatter_zi.o
         6          0          0          0          0          0   _printf_a.o
         6          0          0          0          0          0   _printf_c.o
        44          0          0          0          0        108   _printf_char.o
        48          6          0          0          0         96   _printf_char_common.o
        42          0          0          0          0         68   _printf_charcount.o
         6          0          0          0          0          0   _printf_d.o
       120         18          0          0          0         92   _printf_dec.o
         6          0          0          0          0          0   _printf_e.o
         6          0          0          0          0          0   _printf_f.o
      1056          0          0          0          0        216   _printf_fp_dec.o
       128         16          0          0          0         84   _printf_fp_infnan.o
         6          0          0          0          0          0   _printf_g.o
       156          6         40          0          0        160   _printf_hex_int_ll_ptr.o
         6          0          0          0          0          0   _printf_i.o
       184          0          0          0          0         88   _printf_intcommon.o
        10          0          0          0          0          0   _printf_l.o
         6          0          0          0          0          0   _printf_lc.o
        10          0          0          0          0          0   _printf_ll.o
         6          0          0          0          0          0   _printf_lld.o
         6          0          0          0          0          0   _printf_lli.o
         6          0          0          0          0          0   _printf_llo.o
         6          0          0          0          0          0   _printf_llu.o
         6          0          0          0          0          0   _printf_llx.o
       120         16          0          0          0         92   _printf_longlong_dec.o
         6          0          0          0          0          0   _printf_ls.o
         6          0          0          0          0          0   _printf_n.o
         6          0          0          0          0          0   _printf_o.o
       120          8          0          0          0        124   _printf_oct_int_ll.o
         6          0          0          0          0          0   _printf_p.o
        82          0          0          0          0        108   _printf_pad.o
         0          0          0          0          0          0   _printf_percent.o
         4          0          0          0          0          0   _printf_percent_end.o
         6          0          0          0          0          0   _printf_s.o
        82          0          0          0          0         80   _printf_str.o
        36          0          0          0          0         84   _printf_truncate.o
         6          0          0          0          0          0   _printf_u.o
        44          0          0          0          0        108   _printf_wchar.o
       188          6          8          0          0         92   _printf_wctomb.o
         6          0          0          0          0          0   _printf_x.o
        16          0          0          0          0         68   _snputc.o
        10          0          0          0          0         68   _sputc.o
        64          0          0          0          0         92   _wcrtomb.o
       228          6        148          0          0         96   bigflt0.o
      1910        128          0          0          0        672   btod.o
        52          6          0          0          0         80   c89vsnprintf.o
        12          0          0          0          0         72   exit.o
         6          0          0          0          0        152   heapauxi.o
         0          0          0          0          0          0   indicate_semi.o
        44         10        272          0          0         76   lc_ctype_c.o
        44         10         28          0          0         76   lc_numeric_c.o
         6          0          0          0          0          0   libinit.o
        30          0          0          0          0          0   libinit2.o
         2          0          0          0          0          0   libshutdown.o
         2          0          0          0          0          0   libshutdown2.o
         8          4          0          0         96         68   libspace.o
       138          0          0          0          0         80   lludiv10.o
        16          4          0          0          0         76   rt_ctype_table.o
         8          4          0          0          0         68   rt_fp_status_addr_intlibspace.o
         8          4          0          0          0         68   rt_locale_intlibspace.o
        68          0          0          0          0         68   rt_memclr.o
        78          0          0          0          0         80   rt_memclr_w.o
         0          0          0          0          0          0   rtentry.o
        12          0          0          0          0          0   rtentry2.o
         6          0          0          0          0          0   rtentry4.o
         2          0          0          0          0          0   rtexit.o
        10          0          0          0          0          0   rtexit2.o
       128          0          0          0          0         68   strcmpv7m.o
        12          4          0          0          0         68   sys_exit.o
        74          0          0          0          0         80   sys_stackheap_outer.o
         2          0          0          0          0         68   use_no_semi.o
        14          0          0          0          0         76   fpinit.o
         4          0          0          0          0         68   printf1.o
         0          0          0          0          0          0   usenofp.o
        40          0          0          0          0         68   fpclassify.o

    ----------------------------------------------------------------------
      6184        270        516          0        100       4284   Library Totals
        12          0          3          0          4          0   (incl. Padding)

    ----------------------------------------------------------------------

      Code (inc. data)   RO Data    RW Data    ZI Data      Debug   Library Name

      6114        270        513          0         96       4072   c_w.l
        18          0          0          0          0        144   fz_ws.l
        40          0          0          0          0         68   m_ws.l

    ----------------------------------------------------------------------
      6184        270        516          0        100       4284   Library Totals

    ----------------------------------------------------------------------

==============================================================================


      Code (inc. data)   RO Data    RW Data    ZI Data      Debug   

     19158       1094        890         76       5460     353837   Grand Totals
     19158       1094        890         76       5460     353837   ELF Image Totals
     19158       1094        890         76          0          0   ROM Totals

==============================================================================

    Total RO  Size (Code + RO Data)                20048 (  19.58kB)
    Total RW  Size (RW Data + ZI Data)              5536 (   5.41kB)
    Total ROM Size (Code + RO Data + RW Data)      20124 (  19.65kB)

==============================================================================

