<html>
<body>
<pre>
<h1>µVision Build Log</h1>
<h2>Project:</h2>
C:\Users\wlb\Desktop\LCD+B20+SD+MP3\Project\MyMP3.uvproj
Project File Date:  03/11/2013

<h2>Output:</h2>
Build target 'MyMP3'
compiling main.c...
..\User\main.c(35): warning:  #177-D: variable "x" was declared but never referenced
..\User\main.c(35): warning:  #177-D: variable "y" was declared but never referenced
compiling stm32f10x_it.c...
compiling 18b20.c...
compiling delay.c...
compiling LCD_SSD1289.c...
..\BSC\src\LCD_SSD1289.c(617): warning:  #223-D: function "abs" declared implicitly
compiling LCD_TOUCH.c...
compiling sdio.c...
..\BSC\src\sdio.c(175): error:  #20: identifier "bool" is undefined
..\BSC\src\sdio.c(175): error:  #20: identifier "FALSE" is undefined
..\BSC\src\sdio.c(294): error:  #20: identifier "bool" is undefined
..\BSC\src\sdio.c(3122): warning:  #870-D: invalid multibyte character sequence
..\BSC\src\sdio.c(3122): warning:  #870-D: invalid multibyte character sequence
..\BSC\src\sdio.c(3122): warning:  #870-D: invalid multibyte character sequence
..\BSC\src\sdio.c(3122): warning:  #870-D: invalid multibyte character sequence
..\BSC\src\sdio.c(3122): warning:  #870-D: invalid multibyte character sequence
..\BSC\src\sdio.c(3122): warning:  #870-D: invalid multibyte character sequence
..\BSC\src\sdio.c(3122): warning:  #870-D: invalid multibyte character sequence
..\BSC\src\sdio.c(3122): warning:  #870-D: invalid multibyte character sequence
..\BSC\src\sdio.c(3122): warning:  #870-D: invalid multibyte character sequence
..\BSC\src\sdio.c(3122): warning:  #870-D: invalid multibyte character sequence
..\BSC\src\sdio.c(3123): warning:  #870-D: invalid multibyte character sequence
..\BSC\src\sdio.c(3123): warning:  #870-D: invalid multibyte character sequence
..\BSC\src\sdio.c(3123): warning:  #870-D: invalid multibyte character sequence
..\BSC\src\sdio.c(3123): warning:  #870-D: invalid multibyte character sequence
..\BSC\src\sdio.c(3123): warning:  #870-D: invalid multibyte character sequence
..\BSC\src\sdio.c(3123): warning:  #870-D: invalid multibyte character sequence
..\BSC\src\sdio.c(3123): warning:  #870-D: invalid multibyte character sequence
..\BSC\src\sdio.c(3123): warning:  #870-D: invalid multibyte character sequence
..\BSC\src\sdio.c(3123): warning:  #870-D: invalid multibyte character sequence
..\BSC\src\sdio.c(3123): warning:  #870-D: invalid multibyte character sequence
..\BSC\src\sdio.c(3123): warning:  #870-D: invalid multibyte character sequence
..\BSC\src\sdio.c(3123): warning:  #870-D: invalid multibyte character sequence
..\BSC\src\sdio.c(3123): warning:  #870-D: invalid multibyte character sequence
..\BSC\src\sdio.c(3123): warning:  #870-D: invalid multibyte character sequence
..\BSC\src\sdio.c(3123): warning:  #870-D: invalid multibyte character sequence
..\BSC\src\sdio.c(3123): warning:  #870-D: invalid multibyte character sequence
..\BSC\src\sdio.c(3123): warning:  #870-D: invalid multibyte character sequence
..\BSC\src\sdio.c(3123): warning:  #870-D: invalid multibyte character sequence
..\BSC\src\sdio.c(3123): warning:  #870-D: invalid multibyte character sequence
..\BSC\src\sdio.c(3123): warning:  #870-D: invalid multibyte character sequence
..\BSC\src\sdio.c(3123): warning:  #870-D: invalid multibyte character sequence
..\BSC\src\sdio.c(3123): warning:  #870-D: invalid multibyte character sequence
..\BSC\src\sdio.c(3123): warning:  #870-D: invalid multibyte character sequence
..\BSC\src\sdio.c(3123): warning:  #870-D: invalid multibyte character sequence
..\BSC\src\sdio.c(3123): warning:  #870-D: invalid multibyte character sequence
..\BSC\src\sdio.c(3123): warning:  #870-D: invalid multibyte character sequence
..\BSC\src\sdio.c(3123): warning:  #870-D: invalid multibyte character sequence
..\BSC\src\sdio.c(3123): warning:  #870-D: invalid multibyte character sequence
..\BSC\src\sdio.c(3149): warning:  #870-D: invalid multibyte character sequence
..\BSC\src\sdio.c(3149): warning:  #870-D: invalid multibyte character sequence
..\BSC\src\sdio.c(3149): warning:  #870-D: invalid multibyte character sequence
..\BSC\src\sdio.c(3149): warning:  #870-D: invalid multibyte character sequence
..\BSC\src\sdio.c(3149): warning:  #870-D: invalid multibyte character sequence
..\BSC\src\sdio.c(3149): warning:  #870-D: invalid multibyte character sequence
..\BSC\src\sdio.c(3149): warning:  #870-D: invalid multibyte character sequence
..\BSC\src\sdio.c(3149): warning:  #870-D: invalid multibyte character sequence
..\BSC\src\sdio.c(3149): warning:  #870-D: invalid multibyte character sequence
..\BSC\src\sdio.c(3149): warning:  #870-D: invalid multibyte character sequence
..\BSC\src\sdio.c(3149): warning:  #870-D: invalid multibyte character sequence
..\BSC\src\sdio.c(3149): warning:  #870-D: invalid multibyte character sequence
..\BSC\src\sdio.c(3149): warning:  #870-D: invalid multibyte character sequence
..\BSC\src\sdio.c(3149): warning:  #870-D: invalid multibyte character sequence
..\BSC\src\sdio.c(3149): warning:  #870-D: invalid multibyte character sequence
..\BSC\src\sdio.c(3149): warning:  #870-D: invalid multibyte character sequence
..\BSC\src\sdio.c(3149): warning:  #870-D: invalid multibyte character sequence
..\BSC\src\sdio.c(3149): warning:  #870-D: invalid multibyte character sequence
..\BSC\src\sdio.c(3149): warning:  #870-D: invalid multibyte character sequence
..\BSC\src\sdio.c(3149): warning:  #870-D: invalid multibyte character sequence
..\BSC\src\sdio.c(3149): warning:  #870-D: invalid multibyte character sequence
..\BSC\src\sdio.c(3149): warning:  #870-D: invalid multibyte character sequence
compiling Touch.c...
..\BSC\src\Touch.c(353): warning:  #223-D: function "LCD_draw_rectangle" declared implicitly
..\BSC\src\Touch.c(360): warning:  #223-D: function "LCD_Draw_ColorPoint" declared implicitly
..\BSC\src\Touch.c(387): warning:  #223-D: function "LCD_DrawPoint" declared implicitly
..\BSC\src\Touch.c(707): warning:  #223-D: function "LCD_draw_rectangle" declared implicitly
..\BSC\src\Touch.c(707): error:  #20: identifier "WHITE" is undefined
..\BSC\src\Touch.c(710): warning:  #223-D: function "LCD_ShowString" declared implicitly
..\BSC\src\Touch.c(711): error:  #20: identifier "GREEN" is undefined
..\BSC\src\Touch.c(712): error:  #20: identifier "BLUE" is undefined
..\BSC\src\Touch.c(713): error:  #20: identifier "BRED" is undefined
..\BSC\src\Touch.c(714): error:  #20: identifier "GRED" is undefined
..\BSC\src\Touch.c(715): error:  #20: identifier "GBLUE" is undefined
..\BSC\src\Touch.c(716): error:  #20: identifier "BLACK" is undefined
..\BSC\src\Touch.c(717): error:  #20: identifier "RED" is undefined
..\BSC\src\Touch.c(718): warning:  #223-D: function "delay_ms" declared implicitly
..\BSC\src\Touch.c(770): warning:  #223-D: function "delay_init" declared implicitly
..\BSC\src\Touch.c(771): warning:  #223-D: function "Set_direction" declared implicitly
..\BSC\src\Touch.c(774): warning:  #223-D: function "LCD_CLEAR" declared implicitly
..\BSC\src\Touch.c(775): warning:  #223-D: function "LCD_ShowString" declared implicitly
..\BSC\src\Touch.c(776): warning:  #223-D: function "LCD_ShowNum" declared implicitly
..\BSC\src\Touch.c(778): warning:  #223-D: function "delay_ms" declared implicitly
..\BSC\src\Touch.c(809): warning:  #223-D: function "LCD_CLEAR" declared implicitly
..\BSC\src\Touch.c(813): warning:  #223-D: function "LCD_ShowString" declared implicitly
..\BSC\src\Touch.c(815): warning:  #223-D: function "delay_ms" declared implicitly
..\BSC\src\Touch.c(828): warning:  #223-D: function "LCD_ShowString" declared implicitly
..\BSC\src\Touch.c(829): warning:  #223-D: function "delay_ms" declared implicitly
compiling usart.c...
compiling misc.c...
compiling stm32f10x_dma.c...
compiling stm32f10x_exti.c...
compiling stm32f10x_fsmc.c...
compiling stm32f10x_gpio.c...
compiling stm32f10x_rcc.c...
compiling stm32f10x_sdio.c...
compiling stm32f10x_spi.c...
compiling stm32f10x_tim.c...
compiling stm32f10x_usart.c...
compiling core_cm3.c...
assembling startup_stm32f10x_hd.s...
compiling system_stm32f10x.c...
compiling diskio.c...
compiling ff.c...
Target not created
Build target 'MyMP3'
compiling main.c...
..\User\main.c(35): warning:  #177-D: variable "x" was declared but never referenced
..\User\main.c(35): warning:  #177-D: variable "y" was declared but never referenced
compiling stm32f10x_it.c...
compiling 18b20.c...
compiling delay.c...
compiling LCD_SSD1289.c...
..\BSC\src\LCD_SSD1289.c(617): warning:  #223-D: function "abs" declared implicitly
compiling LCD_TOUCH.c...
compiling sdio.c...
compiling Touch.c...
..\BSC\src\Touch.c(353): warning:  #223-D: function "LCD_draw_rectangle" declared implicitly
..\BSC\src\Touch.c(360): warning:  #223-D: function "LCD_Draw_ColorPoint" declared implicitly
..\BSC\src\Touch.c(387): warning:  #223-D: function "LCD_DrawPoint" declared implicitly
..\BSC\src\Touch.c(707): warning:  #223-D: function "LCD_draw_rectangle" declared implicitly
..\BSC\src\Touch.c(707): error:  #20: identifier "WHITE" is undefined
..\BSC\src\Touch.c(710): warning:  #223-D: function "LCD_ShowString" declared implicitly
..\BSC\src\Touch.c(711): error:  #20: identifier "GREEN" is undefined
..\BSC\src\Touch.c(712): error:  #20: identifier "BLUE" is undefined
..\BSC\src\Touch.c(713): error:  #20: identifier "BRED" is undefined
..\BSC\src\Touch.c(714): error:  #20: identifier "GRED" is undefined
..\BSC\src\Touch.c(715): error:  #20: identifier "GBLUE" is undefined
..\BSC\src\Touch.c(716): error:  #20: identifier "BLACK" is undefined
..\BSC\src\Touch.c(717): error:  #20: identifier "RED" is undefined
..\BSC\src\Touch.c(718): warning:  #223-D: function "delay_ms" declared implicitly
..\BSC\src\Touch.c(770): warning:  #223-D: function "delay_init" declared implicitly
..\BSC\src\Touch.c(771): warning:  #223-D: function "Set_direction" declared implicitly
..\BSC\src\Touch.c(774): warning:  #223-D: function "LCD_CLEAR" declared implicitly
..\BSC\src\Touch.c(775): warning:  #223-D: function "LCD_ShowString" declared implicitly
..\BSC\src\Touch.c(776): warning:  #223-D: function "LCD_ShowNum" declared implicitly
..\BSC\src\Touch.c(778): warning:  #223-D: function "delay_ms" declared implicitly
..\BSC\src\Touch.c(809): warning:  #223-D: function "LCD_CLEAR" declared implicitly
..\BSC\src\Touch.c(813): warning:  #223-D: function "LCD_ShowString" declared implicitly
..\BSC\src\Touch.c(815): warning:  #223-D: function "delay_ms" declared implicitly
..\BSC\src\Touch.c(828): warning:  #223-D: function "LCD_ShowString" declared implicitly
..\BSC\src\Touch.c(829): warning:  #223-D: function "delay_ms" declared implicitly
compiling usart.c...
compiling misc.c...
compiling stm32f10x_dma.c...
compiling stm32f10x_exti.c...
compiling stm32f10x_fsmc.c...
compiling stm32f10x_gpio.c...
compiling stm32f10x_rcc.c...
compiling stm32f10x_sdio.c...
compiling stm32f10x_spi.c...
compiling stm32f10x_tim.c...
compiling stm32f10x_usart.c...
compiling core_cm3.c...
assembling startup_stm32f10x_hd.s...
compiling system_stm32f10x.c...
compiling diskio.c...
compiling ff.c...
Target not created
Build target 'MyMP3'
compiling main.c...
..\User\main.c(35): warning:  #177-D: variable "x" was declared but never referenced
..\User\main.c(35): warning:  #177-D: variable "y" was declared but never referenced
compiling stm32f10x_it.c...
compiling 18b20.c...
compiling delay.c...
compiling LCD_SSD1289.c...
..\BSC\src\LCD_SSD1289.c(617): warning:  #223-D: function "abs" declared implicitly
compiling LCD_TOUCH.c...
compiling sdio.c...
compiling usart.c...
compiling misc.c...
compiling stm32f10x_dma.c...
compiling stm32f10x_exti.c...
compiling stm32f10x_fsmc.c...
compiling stm32f10x_gpio.c...
compiling stm32f10x_rcc.c...
compiling stm32f10x_sdio.c...
compiling stm32f10x_spi.c...
compiling stm32f10x_tim.c...
compiling stm32f10x_usart.c...
compiling core_cm3.c...
assembling startup_stm32f10x_hd.s...
compiling system_stm32f10x.c...
compiling diskio.c...
compiling ff.c...
linking...
..\Obj\MyMP3.axf: Error: L6218E: Undefined symbol ADC_GetConversionValue (referred from stm32f10x_it.o).
Target not created
Build target 'MyMP3'
compiling main.c...
..\User\main.c(35): warning:  #177-D: variable "x" was declared but never referenced
..\User\main.c(35): warning:  #177-D: variable "y" was declared but never referenced
compiling stm32f10x_it.c...
compiling 18b20.c...
compiling delay.c...
compiling LCD_SSD1289.c...
..\BSC\src\LCD_SSD1289.c(617): warning:  #223-D: function "abs" declared implicitly
compiling LCD_TOUCH.c...
compiling sdio.c...
compiling usart.c...
compiling misc.c...
compiling stm32f10x_dma.c...
compiling stm32f10x_exti.c...
compiling stm32f10x_fsmc.c...
compiling stm32f10x_gpio.c...
compiling stm32f10x_rcc.c...
compiling stm32f10x_sdio.c...
compiling stm32f10x_spi.c...
compiling stm32f10x_tim.c...
compiling stm32f10x_usart.c...
compiling core_cm3.c...
assembling startup_stm32f10x_hd.s...
compiling system_stm32f10x.c...
compiling diskio.c...
compiling ff.c...
linking...
Program Size: Code=29770 RO-data=3374 RW-data=132 ZI-data=3956  
FromELF: creating hex file...
"..\Obj\MyMP3.axf" - 0 Error(s), 3 Warning(s).
